{"error":"getaddrinfo ENOTFOUND ep-dawn-art-ad851kgt-pooler.c-2.us-east-1.aws.neon.tech","level":"error","message":"Failed to open shift","service":"deelad-place-api","tenantId":19,"timestamp":"2026-01-15 23:37:06","userId":10}
{"error":"getaddrinfo ENOTFOUND ep-dawn-art-ad851kgt-pooler.c-2.us-east-1.aws.neon.tech","level":"error","message":"Failed to open shift","service":"deelad-place-api","tenantId":19,"timestamp":"2026-01-15 23:37:06","userId":10}
{"error":"getaddrinfo ENOTFOUND ep-dawn-art-ad851kgt-pooler.c-2.us-east-1.aws.neon.tech","level":"error","message":"getProfitSummary error","service":"deelad-place-api","tenantId":19,"timestamp":"2026-01-16 00:15:13"}
{"error":"getaddrinfo ENOTFOUND ep-dawn-art-ad851kgt-pooler.c-2.us-east-1.aws.neon.tech","level":"error","message":"getExpenseSummary error","service":"deelad-place-api","tenantId":19,"timestamp":"2026-01-16 00:15:13"}
{"error":"getaddrinfo ENOTFOUND ep-dawn-art-ad851kgt-pooler.c-2.us-east-1.aws.neon.tech","level":"error","message":"getSalesReport error","service":"deelad-place-api","tenantId":19,"timestamp":"2026-01-16 00:15:25"}
{"error":"getaddrinfo ENOTFOUND ep-dawn-art-ad851kgt-pooler.c-2.us-east-1.aws.neon.tech","level":"error","message":"getProfitSummary error","service":"deelad-place-api","tenantId":19,"timestamp":"2026-01-16 00:15:25"}
{"error":"getaddrinfo ENOTFOUND ep-dawn-art-ad851kgt-pooler.c-2.us-east-1.aws.neon.tech","level":"error","message":"getExpenseSummary error","service":"deelad-place-api","tenantId":19,"timestamp":"2026-01-16 00:15:36"}
{"error":"getaddrinfo ENOTFOUND ep-dawn-art-ad851kgt-pooler.c-2.us-east-1.aws.neon.tech","level":"error","message":"getSalesReport error","service":"deelad-place-api","tenantId":19,"timestamp":"2026-01-16 00:15:36"}
{"error":"getaddrinfo ENOTFOUND ep-dawn-art-ad851kgt-pooler.c-2.us-east-1.aws.neon.tech","level":"error","message":"getTopProducts error","service":"deelad-place-api","tenantId":19,"timestamp":"2026-01-16 00:51:25"}
{"error":"getaddrinfo ENOTFOUND ep-dawn-art-ad851kgt-pooler.c-2.us-east-1.aws.neon.tech","level":"error","message":"getPaymentSummary error","service":"deelad-place-api","tenantId":19,"timestamp":"2026-01-16 00:51:25"}
{"error":"getaddrinfo ENOTFOUND ep-dawn-art-ad851kgt-pooler.c-2.us-east-1.aws.neon.tech","level":"error","message":"Failed to open shift","service":"deelad-place-api","tenantId":19,"timestamp":"2026-01-16 00:59:59","userId":10}
{"error":"getaddrinfo ENOTFOUND ep-dawn-art-ad851kgt-pooler.c-2.us-east-1.aws.neon.tech","level":"error","message":"Failed to open shift","service":"deelad-place-api","tenantId":19,"timestamp":"2026-01-16 00:59:59","userId":10}
{"error":"getaddrinfo ENOTFOUND ep-dawn-art-ad851kgt-pooler.c-2.us-east-1.aws.neon.tech","level":"error","message":"Failed to open shift","service":"deelad-place-api","tenantId":19,"timestamp":"2026-01-16 01:05:11","userId":10}
{"error":"getaddrinfo ENOTFOUND ep-dawn-art-ad851kgt-pooler.c-2.us-east-1.aws.neon.tech","level":"error","message":"getProfitSummary error","service":"deelad-place-api","tenantId":19,"timestamp":"2026-01-16 01:18:32"}
{"error":"getaddrinfo ENOTFOUND ep-dawn-art-ad851kgt-pooler.c-2.us-east-1.aws.neon.tech","level":"error","message":"getExpenseSummary error","service":"deelad-place-api","tenantId":19,"timestamp":"2026-01-16 01:18:32"}
{"error":"getaddrinfo ENOTFOUND ep-dawn-art-ad851kgt-pooler.c-2.us-east-1.aws.neon.tech","level":"error","message":"getExpenseSummary error","service":"deelad-place-api","tenantId":19,"timestamp":"2026-01-16 01:21:50"}
{"error":"getaddrinfo ENOTFOUND ep-dawn-art-ad851kgt-pooler.c-2.us-east-1.aws.neon.tech","level":"error","message":"getProfitSummary error","service":"deelad-place-api","tenantId":19,"timestamp":"2026-01-16 01:21:50"}
{"error":"Connection terminated unexpectedly","level":"error","message":"Failed to record sale","product_id":23,"service":"deelad-place-api","tenantId":19,"timestamp":"2026-01-16 01:24:32","userId":10}
{"error":"getaddrinfo ENOTFOUND ep-dawn-art-ad851kgt-pooler.c-2.us-east-1.aws.neon.tech","level":"error","message":"getProfitSummary error","service":"deelad-place-api","tenantId":19,"timestamp":"2026-01-16 01:45:29"}
{"error":"getaddrinfo ENOTFOUND ep-dawn-art-ad851kgt-pooler.c-2.us-east-1.aws.neon.tech","level":"error","message":"getExpenseSummary error","service":"deelad-place-api","tenantId":19,"timestamp":"2026-01-16 01:45:29"}
{"error":"getaddrinfo ENOTFOUND ep-dawn-art-ad851kgt-pooler.c-2.us-east-1.aws.neon.tech","level":"error","message":"getSalesReport error","service":"deelad-place-api","tenantId":19,"timestamp":"2026-01-16 01:45:29"}
{"error":"getaddrinfo ENOTFOUND ep-dawn-art-ad851kgt-pooler.c-2.us-east-1.aws.neon.tech","level":"error","message":"getProfitSummary error","service":"deelad-place-api","tenantId":19,"timestamp":"2026-01-16 01:45:29"}
{"error":"getaddrinfo ENOTFOUND ep-dawn-art-ad851kgt-pooler.c-2.us-east-1.aws.neon.tech","level":"error","message":"getExpenseSummary error","service":"deelad-place-api","tenantId":19,"timestamp":"2026-01-16 01:45:29"}
{"error":"getaddrinfo ENOTFOUND ep-dawn-art-ad851kgt-pooler.c-2.us-east-1.aws.neon.tech","level":"error","message":"getSalesReport error","service":"deelad-place-api","tenantId":19,"timestamp":"2026-01-16 01:45:29"}
{"error":"getaddrinfo ENOTFOUND ep-dawn-art-ad851kgt-pooler.c-2.us-east-1.aws.neon.tech","level":"error","message":"Get vendors error","service":"deelad-place-api","tenantId":19,"timestamp":"2026-01-16 03:18:04"}
{"error":"getaddrinfo ENOTFOUND ep-dawn-art-ad851kgt-pooler.c-2.us-east-1.aws.neon.tech","level":"error","message":"Get all users error","service":"deelad-place-api","tenantId":19,"timestamp":"2026-01-16 03:18:04"}
{"error":"Connection terminated unexpectedly","level":"error","message":"Failed to fetch stock items","service":"deelad-place-api","tenantId":19,"timestamp":"2026-01-17 09:19:58"}
{"error":"Authentication timed out","level":"error","message":"Failed to fetch stock items","service":"deelad-place-api","tenantId":19,"timestamp":"2026-01-17 09:20:05"}
{"error":"getaddrinfo ENOTFOUND ep-dawn-art-ad851kgt-pooler.c-2.us-east-1.aws.neon.tech","level":"error","message":"Get Invites Error","service":"deelad-place-api","tenantId":19,"timestamp":"2026-01-17 09:41:23"}
{"error":"getaddrinfo ENOTFOUND ep-dawn-art-ad851kgt-pooler.c-2.us-east-1.aws.neon.tech","level":"error","message":"Get Invites Error","service":"deelad-place-api","tenantId":19,"timestamp":"2026-01-17 09:41:35"}
{"error":"getaddrinfo ENOTFOUND ep-dawn-art-ad851kgt-pooler.c-2.us-east-1.aws.neon.tech","level":"error","message":"Get Invites Error","service":"deelad-place-api","tenantId":19,"timestamp":"2026-01-17 09:41:35"}
{"error":"getaddrinfo ENOTFOUND ep-dawn-art-ad851kgt-pooler.c-2.us-east-1.aws.neon.tech","level":"error","message":"Get Invites Error","service":"deelad-place-api","tenantId":19,"timestamp":"2026-01-17 09:41:47"}
{"error":"","level":"error","message":"Get Invites Error","service":"deelad-place-api","tenantId":19,"timestamp":"2026-01-17 09:42:35"}
{"error":"","level":"error","message":"getProfitSummary error","service":"deelad-place-api","tenantId":19,"timestamp":"2026-01-17 09:42:39"}
{"error":"","level":"error","message":"getSalesReport error","service":"deelad-place-api","tenantId":19,"timestamp":"2026-01-17 09:42:39"}
{"error":"","level":"error","message":"getExpenseSummary error","service":"deelad-place-api","tenantId":19,"timestamp":"2026-01-17 09:42:39"}
{"error":"getaddrinfo ENOTFOUND ep-dawn-art-ad851kgt-pooler.c-2.us-east-1.aws.neon.tech","level":"error","message":"Get Invites Error","service":"deelad-place-api","tenantId":19,"timestamp":"2026-01-17 09:42:45"}
{"error":"getaddrinfo ENOTFOUND ep-dawn-art-ad851kgt-pooler.c-2.us-east-1.aws.neon.tech","level":"error","message":"getProfitSummary error","service":"deelad-place-api","tenantId":19,"timestamp":"2026-01-17 09:42:45"}
{"error":"getaddrinfo ENOTFOUND ep-dawn-art-ad851kgt-pooler.c-2.us-east-1.aws.neon.tech","level":"error","message":"Get Invites Error","service":"deelad-place-api","tenantId":19,"timestamp":"2026-01-17 09:54:09"}
{"error":"getaddrinfo ENOTFOUND ep-dawn-art-ad851kgt-pooler.c-2.us-east-1.aws.neon.tech","level":"error","message":"Get Invites Error","service":"deelad-place-api","tenantId":19,"timestamp":"2026-01-17 09:54:21"}
{"error":"getaddrinfo ENOTFOUND ep-dawn-art-ad851kgt-pooler.c-2.us-east-1.aws.neon.tech","level":"error","message":"Get Invites Error","service":"deelad-place-api","tenantId":19,"timestamp":"2026-01-17 10:10:59"}
{"email":"hammadmediaenterprise@gmail.com","error":"getaddrinfo ENOTFOUND ep-dawn-art-ad851kgt-pooler.c-2.us-east-1.aws.neon.tech","level":"error","message":"Login failed","service":"deelad-place-api","timestamp":"2026-01-17 16:46:11"}
{"error":"getaddrinfo ENOTFOUND ep-dawn-art-ad851kgt-pooler.c-2.us-east-1.aws.neon.tech","level":"error","message":"Failed to fetch raw SIC report","service":"deelad-place-api","tenantId":19,"timestamp":"2026-01-17 16:50:52"}
{"error":"getaddrinfo ENOTFOUND ep-dawn-art-ad851kgt-pooler.c-2.us-east-1.aws.neon.tech","level":"error","message":"Failed to fetch raw SIC report","service":"deelad-place-api","tenantId":19,"timestamp":"2026-01-17 16:51:04"}
{"error":"getaddrinfo ENOTFOUND ep-dawn-art-ad851kgt-pooler.c-2.us-east-1.aws.neon.tech","level":"error","message":"Failed to fetch raw SIC report","service":"deelad-place-api","tenantId":19,"timestamp":"2026-01-17 16:51:16"}
{"error":"getaddrinfo ENOTFOUND ep-dawn-art-ad851kgt-pooler.c-2.us-east-1.aws.neon.tech","level":"error","message":"Failed to fetch product SIC report","service":"deelad-place-api","tenantId":19,"timestamp":"2026-01-17 16:51:31"}
{"error":"getaddrinfo ENOTFOUND ep-dawn-art-ad851kgt-pooler.c-2.us-east-1.aws.neon.tech","level":"error","message":"Get all products error","service":"deelad-place-api","tenantId":19,"timestamp":"2026-01-17 16:51:31"}
{"email":"muhammadsaniharuna44@gmail.com","error":"getaddrinfo ENOTFOUND ep-dawn-art-ad851kgt-pooler.c-2.us-east-1.aws.neon.tech","level":"error","message":"Login failed","service":"deelad-place-api","timestamp":"2026-01-18 11:41:05"}
{"email":"muhammadsaniharuna44@gmail.com","error":"getaddrinfo ENOTFOUND ep-dawn-art-ad851kgt-pooler.c-2.us-east-1.aws.neon.tech","level":"error","message":"Login failed","service":"deelad-place-api","timestamp":"2026-01-18 11:42:15"}
{"error":"getaddrinfo ENOTFOUND ep-dawn-art-ad851kgt-pooler.c-2.us-east-1.aws.neon.tech","level":"error","message":"Get vendors error","service":"deelad-place-api","tenantId":19,"timestamp":"2026-01-18 12:23:13"}
{"error":"getaddrinfo ENOTFOUND ep-dawn-art-ad851kgt-pooler.c-2.us-east-1.aws.neon.tech","level":"error","message":"Get all users error","service":"deelad-place-api","tenantId":19,"timestamp":"2026-01-18 12:23:13"}
{"error":"getaddrinfo ENOTFOUND ep-dawn-art-ad851kgt-pooler.c-2.us-east-1.aws.neon.tech","level":"error","message":"getSalesSummary error","service":"deelad-place-api","tenantId":19,"timestamp":"2026-01-18 12:23:25"}
{"error":"getaddrinfo ENOTFOUND ep-dawn-art-ad851kgt-pooler.c-2.us-east-1.aws.neon.tech","level":"error","message":"getSalesOverview error","service":"deelad-place-api","tenantId":19,"timestamp":"2026-01-18 12:23:25"}
{"error":"getaddrinfo ENOTFOUND ep-dawn-art-ad851kgt-pooler.c-2.us-east-1.aws.neon.tech","level":"error","message":"getTopProducts error","service":"deelad-place-api","tenantId":19,"timestamp":"2026-01-18 12:23:37"}
{"error":"getaddrinfo ENOTFOUND ep-dawn-art-ad851kgt-pooler.c-2.us-east-1.aws.neon.tech","level":"error","message":"getPaymentSummary error","service":"deelad-place-api","tenantId":19,"timestamp":"2026-01-18 12:23:37"}
{"error":"getaddrinfo ENOTFOUND ep-dawn-art-ad851kgt-pooler.c-2.us-east-1.aws.neon.tech","level":"error","message":"getSalesPaginated error","service":"deelad-place-api","tenantId":19,"timestamp":"2026-01-18 12:39:55"}
{"error":"getaddrinfo ENOTFOUND ep-dawn-art-ad851kgt-pooler.c-2.us-east-1.aws.neon.tech","level":"error","message":"getSalesPaginated error","service":"deelad-place-api","tenantId":19,"timestamp":"2026-01-18 12:39:55"}
{"email":"admin@deeladplace.com","error":"getaddrinfo ENOTFOUND ep-dawn-art-ad851kgt-pooler.c-2.us-east-1.aws.neon.tech","level":"error","message":"Login failed","service":"deelad-place-api","timestamp":"2026-01-18 13:52:42"}
{"email":"muhammadsaniharuna44@gmail.com","error":"getaddrinfo ENOTFOUND ep-dawn-art-ad851kgt-pooler.c-2.us-east-1.aws.neon.tech","level":"error","message":"Login failed","service":"deelad-place-api","timestamp":"2026-01-18 14:11:56"}
{"error":"getaddrinfo ENOTFOUND ep-dawn-art-ad851kgt-pooler.c-2.us-east-1.aws.neon.tech","level":"error","message":"Fetch packaging failed","service":"deelad-place-api","tenantId":19,"timestamp":"2026-01-18 14:37:11"}
{"error":"Connection terminated unexpectedly","level":"error","message":"Get vendors error","service":"deelad-place-api","tenantId":19,"timestamp":"2026-01-18 15:08:59"}
{"error":"getaddrinfo ENOTFOUND ep-dawn-art-ad851kgt-pooler.c-2.us-east-1.aws.neon.tech","level":"error","message":"Failed to map labour to product","productId":"23","service":"deelad-place-api","tenantId":19,"timestamp":"2026-01-18 15:12:30"}
{"error":"getaddrinfo ENOTFOUND ep-dawn-art-ad851kgt-pooler.c-2.us-east-1.aws.neon.tech","level":"error","message":"Get vendors error","service":"deelad-place-api","tenantId":19,"timestamp":"2026-01-18 15:25:05"}
{"error":"getaddrinfo ENOTFOUND ep-dawn-art-ad851kgt-pooler.c-2.us-east-1.aws.neon.tech","level":"error","message":"Get all users error","service":"deelad-place-api","tenantId":19,"timestamp":"2026-01-18 15:25:05"}
{"error":"getaddrinfo ENOTFOUND ep-dawn-art-ad851kgt-pooler.c-2.us-east-1.aws.neon.tech","level":"error","message":"getSalesSummary error","service":"deelad-place-api","tenantId":19,"timestamp":"2026-01-18 15:25:05"}
{"error":"getaddrinfo ENOTFOUND ep-dawn-art-ad851kgt-pooler.c-2.us-east-1.aws.neon.tech","level":"error","message":"getSalesOverview error","service":"deelad-place-api","tenantId":19,"timestamp":"2026-01-18 15:25:05"}
{"error":"getaddrinfo ENOTFOUND ep-dawn-art-ad851kgt-pooler.c-2.us-east-1.aws.neon.tech","level":"error","message":"getPaymentSummary error","service":"deelad-place-api","tenantId":19,"timestamp":"2026-01-18 15:25:05"}
{"error":"getaddrinfo ENOTFOUND ep-dawn-art-ad851kgt-pooler.c-2.us-east-1.aws.neon.tech","level":"error","message":"getTopProducts error","service":"deelad-place-api","tenantId":19,"timestamp":"2026-01-18 15:25:05"}
{"error":"getaddrinfo ENOTFOUND ep-dawn-art-ad851kgt-pooler.c-2.us-east-1.aws.neon.tech","level":"error","message":"getVendorPerformance error","service":"deelad-place-api","tenantId":19,"timestamp":"2026-01-18 15:25:05"}
{"error":"getaddrinfo ENOTFOUND ep-dawn-art-ad851kgt-pooler.c-2.us-east-1.aws.neon.tech","level":"error","message":"Get vendors error","service":"deelad-place-api","tenantId":19,"timestamp":"2026-01-18 15:25:05"}
{"error":"getaddrinfo ENOTFOUND ep-dawn-art-ad851kgt-pooler.c-2.us-east-1.aws.neon.tech","level":"error","message":"Get all users error","service":"deelad-place-api","tenantId":19,"timestamp":"2026-01-18 15:25:05"}
{"error":"getaddrinfo ENOTFOUND ep-dawn-art-ad851kgt-pooler.c-2.us-east-1.aws.neon.tech","level":"error","message":"getSalesSummary error","service":"deelad-place-api","tenantId":19,"timestamp":"2026-01-18 15:25:05"}
{"error":"getaddrinfo ENOTFOUND ep-dawn-art-ad851kgt-pooler.c-2.us-east-1.aws.neon.tech","level":"error","message":"getSalesOverview error","service":"deelad-place-api","tenantId":19,"timestamp":"2026-01-18 15:25:05"}
{"error":"getaddrinfo ENOTFOUND ep-dawn-art-ad851kgt-pooler.c-2.us-east-1.aws.neon.tech","level":"error","message":"getPaymentSummary error","service":"deelad-place-api","tenantId":19,"timestamp":"2026-01-18 15:25:05"}
{"error":"getaddrinfo ENOTFOUND ep-dawn-art-ad851kgt-pooler.c-2.us-east-1.aws.neon.tech","level":"error","message":"getTopProducts error","service":"deelad-place-api","tenantId":19,"timestamp":"2026-01-18 15:25:05"}
{"error":"getaddrinfo ENOTFOUND ep-dawn-art-ad851kgt-pooler.c-2.us-east-1.aws.neon.tech","level":"error","message":"getVendorPerformance error","service":"deelad-place-api","tenantId":19,"timestamp":"2026-01-18 15:25:05"}
{"error":"getaddrinfo ENOTFOUND ep-dawn-art-ad851kgt-pooler.c-2.us-east-1.aws.neon.tech","level":"error","message":"getSalesPaginated error","service":"deelad-place-api","tenantId":19,"timestamp":"2026-01-18 15:25:05"}
{"error":"getaddrinfo ENOTFOUND ep-dawn-art-ad851kgt-pooler.c-2.us-east-1.aws.neon.tech","level":"error","message":"getSalesPaginated error","service":"deelad-place-api","tenantId":19,"timestamp":"2026-01-18 15:25:05"}
{"error":"getaddrinfo ENOTFOUND ep-dawn-art-ad851kgt-pooler.c-2.us-east-1.aws.neon.tech","level":"error","message":"getSalesPaginated error","service":"deelad-place-api","tenantId":19,"timestamp":"2026-01-18 15:25:05"}
{"error":"getaddrinfo ENOTFOUND ep-dawn-art-ad851kgt-pooler.c-2.us-east-1.aws.neon.tech","level":"error","message":"getSalesPaginated error","service":"deelad-place-api","tenantId":19,"timestamp":"2026-01-18 15:25:05"}
{"error":"column rm.min_stock_level does not exist","level":"error","message":"Failed to fetch stock balance","service":"deelad-place-api","tenantId":19,"timestamp":"2026-01-18 16:18:48"}
{"error":"column rm.min_stock_level does not exist","level":"error","message":"Failed to fetch stock balance","service":"deelad-place-api","tenantId":19,"timestamp":"2026-01-18 16:18:49"}
{"error":"column rm.min_stock_level does not exist","level":"error","message":"Failed to fetch stock balance","service":"deelad-place-api","tenantId":19,"timestamp":"2026-01-18 16:18:49"}
{"error":"column rm.min_stock_level does not exist","level":"error","message":"Failed to fetch stock balance","service":"deelad-place-api","tenantId":19,"timestamp":"2026-01-18 16:18:51"}
{"error":"column rm.min_stock_level does not exist","level":"error","message":"Failed to fetch stock balance","service":"deelad-place-api","tenantId":19,"timestamp":"2026-01-18 16:18:54"}
{"error":"column rm.min_stock_level does not exist","level":"error","message":"Failed to fetch stock balance","service":"deelad-place-api","tenantId":19,"timestamp":"2026-01-18 16:18:57"}
{"error":"column rm.min_stock_level does not exist","level":"error","message":"Failed to fetch stock balance","service":"deelad-place-api","tenantId":19,"timestamp":"2026-01-18 16:19:13"}
{"error":"column rm.min_stock_level does not exist","level":"error","message":"Failed to fetch stock balance","service":"deelad-place-api","tenantId":19,"timestamp":"2026-01-18 16:19:16"}
{"error":"column rm.min_stock_level does not exist","level":"error","message":"Failed to fetch stock balance","service":"deelad-place-api","tenantId":19,"timestamp":"2026-01-18 16:19:41"}
{"error":"column rm.min_stock_level does not exist","level":"error","message":"Failed to fetch stock balance","service":"deelad-place-api","tenantId":19,"timestamp":"2026-01-18 16:19:43"}
{"error":"getaddrinfo ENOTFOUND ep-dawn-art-ad851kgt-pooler.c-2.us-east-1.aws.neon.tech","level":"error","message":"Failed to fetch stock balance","service":"deelad-place-api","tenantId":19,"timestamp":"2026-01-18 16:20:23"}
{"error":"","level":"error","message":"Failed to fetch stock balance","service":"deelad-place-api","tenantId":19,"timestamp":"2026-01-18 16:20:59"}
{"error":"column rm.min_stock_level does not exist","level":"error","message":"Failed to fetch stock balance","service":"deelad-place-api","tenantId":19,"timestamp":"2026-01-18 16:21:03"}
{"error":"Client network socket disconnected before secure TLS connection was established","level":"error","message":"Failed to fetch stock items","service":"deelad-place-api","tenantId":19,"timestamp":"2026-01-18 16:21:03"}
{"error":"column rm.min_stock_level does not exist","level":"error","message":"Failed to fetch stock balance","service":"deelad-place-api","tenantId":19,"timestamp":"2026-01-18 16:21:04"}
{"error":"column rm.min_stock_level does not exist","level":"error","message":"Failed to fetch stock balance","service":"deelad-place-api","tenantId":19,"timestamp":"2026-01-18 16:21:04"}
{"error":"column rm.min_stock_level does not exist","level":"error","message":"Failed to fetch stock balance","service":"deelad-place-api","tenantId":19,"timestamp":"2026-01-18 16:21:16"}
{"error":"","level":"error","message":"getSalesReport error","service":"deelad-place-api","tenantId":19,"timestamp":"2026-01-18 16:21:35"}
{"error":"","level":"error","message":"getExpenseSummary error","service":"deelad-place-api","tenantId":19,"timestamp":"2026-01-18 16:21:35"}
{"error":"","level":"error","message":"getProfitSummary error","service":"deelad-place-api","tenantId":19,"timestamp":"2026-01-18 16:21:35"}
{"error":"column rm.min_stock_level does not exist","level":"error","message":"Failed to fetch stock balance","service":"deelad-place-api","tenantId":19,"timestamp":"2026-01-18 16:21:38"}
{"error":"column rm.min_stock_level does not exist","level":"error","message":"Failed to fetch stock balance","service":"deelad-place-api","tenantId":19,"timestamp":"2026-01-18 16:21:40"}
{"error":"column rm.min_stock_level does not exist","level":"error","message":"Failed to fetch stock balance","service":"deelad-place-api","tenantId":19,"timestamp":"2026-01-18 16:21:41"}
{"error":"column rm.min_stock_level does not exist","level":"error","message":"Failed to fetch stock balance","service":"deelad-place-api","tenantId":19,"timestamp":"2026-01-18 16:21:41"}
{"error":"column rm.min_stock_level does not exist","level":"error","message":"Failed to fetch stock balance","service":"deelad-place-api","tenantId":19,"timestamp":"2026-01-18 16:21:41"}
{"error":"column rm.min_stock_level does not exist","level":"error","message":"Failed to fetch stock balance","service":"deelad-place-api","tenantId":19,"timestamp":"2026-01-18 16:21:46"}
{"error":"column rm.min_stock_level does not exist","level":"error","message":"Failed to fetch stock balance","service":"deelad-place-api","tenantId":19,"timestamp":"2026-01-18 16:21:49"}
{"error":"column rm.min_stock_level does not exist","level":"error","message":"Failed to fetch stock balance","service":"deelad-place-api","tenantId":19,"timestamp":"2026-01-18 16:21:50"}
{"error":"column rm.min_stock_level does not exist","level":"error","message":"Failed to fetch stock balance","service":"deelad-place-api","tenantId":19,"timestamp":"2026-01-18 16:21:50"}
{"error":"column rm.min_stock_level does not exist","level":"error","message":"Failed to fetch stock balance","service":"deelad-place-api","tenantId":19,"timestamp":"2026-01-18 16:21:51"}
{"error":"column rm.min_stock_level does not exist","level":"error","message":"Failed to fetch stock balance","service":"deelad-place-api","tenantId":19,"timestamp":"2026-01-18 16:21:55"}
{"error":"column rm.min_stock_level does not exist","level":"error","message":"Failed to fetch stock balance","service":"deelad-place-api","tenantId":19,"timestamp":"2026-01-18 16:21:57"}
{"error":"column rm.min_stock_level does not exist","level":"error","message":"Failed to fetch stock balance","service":"deelad-place-api","tenantId":19,"timestamp":"2026-01-18 16:21:59"}
{"error":"column rm.min_stock_level does not exist","level":"error","message":"Failed to fetch stock balance","service":"deelad-place-api","tenantId":19,"timestamp":"2026-01-18 16:22:04"}
{"error":"column rm.min_stock_level does not exist","level":"error","message":"Failed to fetch stock balance","service":"deelad-place-api","tenantId":19,"timestamp":"2026-01-18 16:22:07"}
{"error":"column rm.min_stock_level does not exist","level":"error","message":"Failed to fetch stock balance","service":"deelad-place-api","tenantId":19,"timestamp":"2026-01-18 16:22:09"}
{"error":"column rm.min_stock_level does not exist","level":"error","message":"Failed to fetch stock balance","service":"deelad-place-api","tenantId":19,"timestamp":"2026-01-18 16:22:11"}
{"error":"column rm.min_stock_level does not exist","level":"error","message":"Failed to fetch stock balance","service":"deelad-place-api","tenantId":19,"timestamp":"2026-01-18 16:22:41"}
{"error":"column rm.min_stock_level does not exist","level":"error","message":"Failed to fetch stock balance","service":"deelad-place-api","tenantId":19,"timestamp":"2026-01-18 16:22:43"}
{"error":"column rm.min_stock_level does not exist","level":"error","message":"Failed to fetch stock balance","service":"deelad-place-api","tenantId":19,"timestamp":"2026-01-18 16:23:18"}
{"error":"getaddrinfo ENOTFOUND ep-dawn-art-ad851kgt-pooler.c-2.us-east-1.aws.neon.tech","level":"error","message":"Failed to fetch stock balance","service":"deelad-place-api","tenantId":19,"timestamp":"2026-01-18 16:27:50"}
{"error":"getaddrinfo ENOTFOUND ep-dawn-art-ad851kgt-pooler.c-2.us-east-1.aws.neon.tech","level":"error","message":"Failed to fetch stock balance","service":"deelad-place-api","tenantId":19,"timestamp":"2026-01-18 16:28:02"}
{"error":"getaddrinfo ENOTFOUND ep-dawn-art-ad851kgt-pooler.c-2.us-east-1.aws.neon.tech","level":"error","message":"Failed to fetch stock balance","service":"deelad-place-api","tenantId":19,"timestamp":"2026-01-18 16:28:02"}
{"error":"getaddrinfo ENOTFOUND ep-dawn-art-ad851kgt-pooler.c-2.us-east-1.aws.neon.tech","level":"error","message":"Failed to fetch stock balance","service":"deelad-place-api","tenantId":19,"timestamp":"2026-01-18 16:32:50"}
{"error":"getaddrinfo ENOTFOUND ep-dawn-art-ad851kgt-pooler.c-2.us-east-1.aws.neon.tech","level":"error","message":"Failed to fetch stock balance","service":"deelad-place-api","tenantId":19,"timestamp":"2026-01-18 16:34:50"}
{"error":"getaddrinfo ENOTFOUND ep-dawn-art-ad851kgt-pooler.c-2.us-east-1.aws.neon.tech","level":"error","message":"Failed to fetch stock balance","service":"deelad-place-api","tenantId":19,"timestamp":"2026-01-18 16:38:54"}
{"error":"getaddrinfo ENOTFOUND ep-dawn-art-ad851kgt-pooler.c-2.us-east-1.aws.neon.tech","level":"error","message":"Failed to fetch stock balance","service":"deelad-place-api","tenantId":19,"timestamp":"2026-01-18 16:38:54"}
{"error":"getaddrinfo ENOTFOUND ep-dawn-art-ad851kgt-pooler.c-2.us-east-1.aws.neon.tech","level":"error","message":"Failed to fetch stock balance","service":"deelad-place-api","tenantId":19,"timestamp":"2026-01-18 16:38:54"}
{"error":"read ECONNRESET","level":"error","message":"Failed to fetch stock balance","service":"deelad-place-api","tenantId":19,"timestamp":"2026-01-18 16:46:00"}
{"error":"getaddrinfo ENOTFOUND ep-dawn-art-ad851kgt-pooler.c-2.us-east-1.aws.neon.tech","level":"error","message":"Failed to fetch stock balance","service":"deelad-place-api","tenantId":19,"timestamp":"2026-01-18 16:46:54"}
{"error":"getaddrinfo ENOTFOUND ep-dawn-art-ad851kgt-pooler.c-2.us-east-1.aws.neon.tech","level":"error","message":"Failed to fetch stock balance","service":"deelad-place-api","tenantId":19,"timestamp":"2026-01-18 16:48:54"}
{"error":"getaddrinfo ENOTFOUND ep-dawn-art-ad851kgt-pooler.c-2.us-east-1.aws.neon.tech","level":"error","message":"Failed to fetch stock balance","service":"deelad-place-api","tenantId":19,"timestamp":"2026-01-18 16:53:54"}
{"error":"getaddrinfo ENOTFOUND ep-dawn-art-ad851kgt-pooler.c-2.us-east-1.aws.neon.tech","level":"error","message":"Failed to fetch stock balance","service":"deelad-place-api","tenantId":19,"timestamp":"2026-01-18 16:53:54"}
{"error":"getaddrinfo ENOTFOUND ep-dawn-art-ad851kgt-pooler.c-2.us-east-1.aws.neon.tech","level":"error","message":"Failed to fetch stock balance","service":"deelad-place-api","tenantId":19,"timestamp":"2026-01-18 16:54:06"}
{"error":"getaddrinfo ENOTFOUND ep-dawn-art-ad851kgt-pooler.c-2.us-east-1.aws.neon.tech","level":"error","message":"Failed to fetch stock balance","service":"deelad-place-api","tenantId":19,"timestamp":"2026-01-18 16:54:54"}
{"error":"getaddrinfo ENOTFOUND ep-dawn-art-ad851kgt-pooler.c-2.us-east-1.aws.neon.tech","level":"error","message":"Failed to fetch stock balance","service":"deelad-place-api","tenantId":19,"timestamp":"2026-01-18 16:54:54"}
{"error":"getaddrinfo ENOTFOUND ep-dawn-art-ad851kgt-pooler.c-2.us-east-1.aws.neon.tech","level":"error","message":"Failed to fetch stock balance","service":"deelad-place-api","tenantId":19,"timestamp":"2026-01-18 16:55:06"}
{"error":"getaddrinfo ENOTFOUND ep-dawn-art-ad851kgt-pooler.c-2.us-east-1.aws.neon.tech","level":"error","message":"Failed to fetch stock balance","service":"deelad-place-api","tenantId":19,"timestamp":"2026-01-18 16:55:54"}
{"error":"getaddrinfo ENOTFOUND ep-dawn-art-ad851kgt-pooler.c-2.us-east-1.aws.neon.tech","level":"error","message":"Failed to fetch stock balance","service":"deelad-place-api","tenantId":19,"timestamp":"2026-01-18 16:55:54"}
{"error":"getaddrinfo ENOTFOUND ep-dawn-art-ad851kgt-pooler.c-2.us-east-1.aws.neon.tech","level":"error","message":"Failed to fetch stock balance","service":"deelad-place-api","tenantId":19,"timestamp":"2026-01-18 17:02:23"}
{"error":"getaddrinfo ENOTFOUND ep-dawn-art-ad851kgt-pooler.c-2.us-east-1.aws.neon.tech","level":"error","message":"Failed to fetch stock balance","service":"deelad-place-api","tenantId":19,"timestamp":"2026-01-18 17:02:23"}
{"error":"getaddrinfo ENOTFOUND ep-dawn-art-ad851kgt-pooler.c-2.us-east-1.aws.neon.tech","level":"error","message":"Failed to fetch stock balance","service":"deelad-place-api","tenantId":19,"timestamp":"2026-01-18 17:02:58"}
{"error":"getaddrinfo ENOTFOUND ep-dawn-art-ad851kgt-pooler.c-2.us-east-1.aws.neon.tech","level":"error","message":"Failed to fetch stock balance","service":"deelad-place-api","tenantId":19,"timestamp":"2026-01-18 17:03:11"}
{"error":"getaddrinfo ENOTFOUND ep-dawn-art-ad851kgt-pooler.c-2.us-east-1.aws.neon.tech","level":"error","message":"Failed to fetch stock balance","service":"deelad-place-api","tenantId":19,"timestamp":"2026-01-18 17:03:11"}
{"error":"getaddrinfo ENOTFOUND ep-dawn-art-ad851kgt-pooler.c-2.us-east-1.aws.neon.tech","level":"error","message":"Failed to fetch stock balance","service":"deelad-place-api","tenantId":19,"timestamp":"2026-01-18 17:04:58"}
{"error":"templates.lowStockEmail is not a function","level":"error","message":"Failed to send low stock alert","service":"deelad-place-api","timestamp":"2026-01-18 17:08:44"}
{"error":"getaddrinfo ENOTFOUND ep-dawn-art-ad851kgt-pooler.c-2.us-east-1.aws.neon.tech","level":"error","message":"Failed to fetch stock balance","service":"deelad-place-api","tenantId":19,"timestamp":"2026-01-18 17:11:52"}
{"error":"getaddrinfo ENOTFOUND ep-dawn-art-ad851kgt-pooler.c-2.us-east-1.aws.neon.tech","level":"error","message":"Failed to fetch stock balance","service":"deelad-place-api","tenantId":19,"timestamp":"2026-01-18 17:16:23"}
{"error":"getaddrinfo ENOTFOUND ep-dawn-art-ad851kgt-pooler.c-2.us-east-1.aws.neon.tech","level":"error","message":"Failed to fetch stock balance","service":"deelad-place-api","tenantId":19,"timestamp":"2026-01-18 17:21:23"}
{"error":"getaddrinfo ENOTFOUND ep-dawn-art-ad851kgt-pooler.c-2.us-east-1.aws.neon.tech","level":"error","message":"Failed to fetch stock balance","service":"deelad-place-api","tenantId":19,"timestamp":"2026-01-18 17:21:35"}
{"error":"getaddrinfo ENOTFOUND ep-dawn-art-ad851kgt-pooler.c-2.us-east-1.aws.neon.tech","level":"error","message":"Failed to fetch stock balance","service":"deelad-place-api","tenantId":19,"timestamp":"2026-01-18 17:43:23"}
{"error":"getaddrinfo ENOTFOUND ep-dawn-art-ad851kgt-pooler.c-2.us-east-1.aws.neon.tech","level":"error","message":"Failed to fetch stock balance","service":"deelad-place-api","tenantId":19,"timestamp":"2026-01-18 17:43:23"}
{"error":"getaddrinfo ENOTFOUND ep-dawn-art-ad851kgt-pooler.c-2.us-east-1.aws.neon.tech","level":"error","message":"Failed to fetch stock balance","service":"deelad-place-api","tenantId":19,"timestamp":"2026-01-18 17:43:23"}
{"error":"getaddrinfo ENOTFOUND ep-dawn-art-ad851kgt-pooler.c-2.us-east-1.aws.neon.tech","level":"error","message":"Failed to fetch stock balance","service":"deelad-place-api","tenantId":19,"timestamp":"2026-01-18 17:48:25"}
{"error":"getaddrinfo ENOTFOUND ep-dawn-art-ad851kgt-pooler.c-2.us-east-1.aws.neon.tech","level":"error","message":"Failed to fetch stock balance","service":"deelad-place-api","tenantId":19,"timestamp":"2026-01-18 17:48:25"}
{"error":"getaddrinfo ENOTFOUND ep-dawn-art-ad851kgt-pooler.c-2.us-east-1.aws.neon.tech","level":"error","message":"Failed to fetch stock balance","service":"deelad-place-api","tenantId":19,"timestamp":"2026-01-18 17:48:36"}
{"error":"getaddrinfo ENOTFOUND ep-dawn-art-ad851kgt-pooler.c-2.us-east-1.aws.neon.tech","level":"error","message":"Failed to fetch stock balance","service":"deelad-place-api","tenantId":19,"timestamp":"2026-01-18 18:44:23"}
{"error":"getaddrinfo ENOTFOUND ep-dawn-art-ad851kgt-pooler.c-2.us-east-1.aws.neon.tech","level":"error","message":"Failed to fetch stock balance","service":"deelad-place-api","tenantId":19,"timestamp":"2026-01-18 18:48:27"}
{"error":"getaddrinfo ENOTFOUND ep-dawn-art-ad851kgt-pooler.c-2.us-east-1.aws.neon.tech","level":"error","message":"Failed to fetch stock balance","service":"deelad-place-api","tenantId":19,"timestamp":"2026-01-18 18:49:28"}
{"error":"getaddrinfo ENOTFOUND ep-dawn-art-ad851kgt-pooler.c-2.us-east-1.aws.neon.tech","level":"error","message":"Failed to fetch stock balance","service":"deelad-place-api","tenantId":19,"timestamp":"2026-01-18 18:50:17"}
{"error":"getaddrinfo ENOTFOUND ep-dawn-art-ad851kgt-pooler.c-2.us-east-1.aws.neon.tech","level":"error","message":"Failed to fetch stock balance","service":"deelad-place-api","tenantId":19,"timestamp":"2026-01-18 19:13:55"}
{"error":"read ECONNRESET","level":"error","message":"Failed to fetch stock balance","service":"deelad-place-api","tenantId":19,"timestamp":"2026-01-18 19:14:08"}
{"error":"getaddrinfo ENOTFOUND ep-dawn-art-ad851kgt-pooler.c-2.us-east-1.aws.neon.tech","level":"error","message":"Failed to fetch stock balance","service":"deelad-place-api","tenantId":19,"timestamp":"2026-01-18 19:14:28"}
{"error":"Connection terminated unexpectedly","level":"error","message":"Failed to fetch stock balance","service":"deelad-place-api","tenantId":19,"timestamp":"2026-01-18 19:26:53"}
{"error":"getaddrinfo ENOTFOUND ep-dawn-art-ad851kgt-pooler.c-2.us-east-1.aws.neon.tech","level":"error","message":"Failed to fetch stock balance","service":"deelad-place-api","tenantId":19,"timestamp":"2026-01-18 19:31:22"}
{"error":"getaddrinfo ENOTFOUND ep-dawn-art-ad851kgt-pooler.c-2.us-east-1.aws.neon.tech","level":"error","message":"Failed to fetch stock balance","service":"deelad-place-api","tenantId":19,"timestamp":"2026-01-18 19:32:09"}
{"error":"read ECONNRESET","level":"error","message":"Failed to fetch stock balance","service":"deelad-place-api","tenantId":19,"timestamp":"2026-01-18 19:35:03"}
{"error":"","level":"error","message":"Failed to fetch stock balance","service":"deelad-place-api","tenantId":19,"timestamp":"2026-01-18 19:39:32"}
{"error":"Connection terminated unexpectedly","level":"error","message":"Failed to fetch stock balance","service":"deelad-place-api","tenantId":19,"timestamp":"2026-01-18 19:40:45"}
{"error":"getaddrinfo ENOTFOUND ep-dawn-art-ad851kgt-pooler.c-2.us-east-1.aws.neon.tech","level":"error","message":"Failed to fetch stock balance","service":"deelad-place-api","tenantId":19,"timestamp":"2026-01-18 19:50:34"}
{"error":"getaddrinfo ENOTFOUND ep-dawn-art-ad851kgt-pooler.c-2.us-east-1.aws.neon.tech","level":"error","message":"Failed to fetch stock balance","service":"deelad-place-api","tenantId":19,"timestamp":"2026-01-18 20:10:28"}
{"error":"","level":"error","message":"Failed to fetch stock balance","service":"deelad-place-api","tenantId":19,"timestamp":"2026-01-18 20:12:31"}
{"error":"","level":"error","message":"getExpenseSummary error","service":"deelad-place-api","tenantId":19,"timestamp":"2026-01-18 20:12:31"}
{"error":"Client network socket disconnected before secure TLS connection was established","level":"error","message":"getSalesPaginated error","service":"deelad-place-api","tenantId":19,"timestamp":"2026-01-18 20:12:39"}
{"error":"Connection terminated unexpectedly","level":"error","message":"getSalesPaginated error","service":"deelad-place-api","tenantId":19,"timestamp":"2026-01-18 20:12:48"}
{"error":"Connection terminated unexpectedly","level":"error","message":"getExpenseSummary error","service":"deelad-place-api","tenantId":19,"timestamp":"2026-01-18 20:13:11"}
{"error":"getaddrinfo ENOTFOUND ep-dawn-art-ad851kgt-pooler.c-2.us-east-1.aws.neon.tech","level":"error","message":"Failed to fetch stock balance","service":"deelad-place-api","tenantId":19,"timestamp":"2026-01-18 20:29:24"}
{"error":"getaddrinfo ENOTFOUND ep-dawn-art-ad851kgt-pooler.c-2.us-east-1.aws.neon.tech","level":"error","message":"getExpenseSummary error","service":"deelad-place-api","tenantId":19,"timestamp":"2026-01-18 20:29:24"}
{"error":"getaddrinfo ENOTFOUND ep-dawn-art-ad851kgt-pooler.c-2.us-east-1.aws.neon.tech","level":"error","message":"Failed to fetch stock balance","service":"deelad-place-api","tenantId":19,"timestamp":"2026-01-18 20:42:22"}
{"error":"","level":"error","message":"Failed to fetch stock balance","service":"deelad-place-api","tenantId":19,"timestamp":"2026-01-18 20:46:35"}
{"error":"Connection terminated unexpectedly","level":"error","message":"getExpenseSummary error","service":"deelad-place-api","tenantId":19,"timestamp":"2026-01-18 20:52:07"}
{"error":"Connection terminated unexpectedly","level":"error","message":"getExpenseSummary error","service":"deelad-place-api","tenantId":19,"timestamp":"2026-01-18 20:52:13"}
{"error":"Connection terminated unexpectedly","level":"error","message":"getProfitSummary error","service":"deelad-place-api","tenantId":19,"timestamp":"2026-01-18 20:52:25"}
{"error":"Connection terminated unexpectedly","level":"error","message":"Failed to fetch stock balance","service":"deelad-place-api","tenantId":19,"timestamp":"2026-01-18 20:52:26"}
{"error":"getaddrinfo ENOTFOUND ep-dawn-art-ad851kgt-pooler.c-2.us-east-1.aws.neon.tech","level":"error","message":"Failed to fetch stock balance","service":"deelad-place-api","tenantId":19,"timestamp":"2026-01-18 20:55:06"}
{"error":"getaddrinfo ENOTFOUND ep-dawn-art-ad851kgt-pooler.c-2.us-east-1.aws.neon.tech","level":"error","message":"Failed to fetch stock balance","service":"deelad-place-api","tenantId":19,"timestamp":"2026-01-18 20:58:06"}
{"error":"getaddrinfo ENOTFOUND ep-dawn-art-ad851kgt-pooler.c-2.us-east-1.aws.neon.tech","level":"error","message":"getProfitSummary error","service":"deelad-place-api","tenantId":19,"timestamp":"2026-01-19 07:20:44"}
{"error":"getaddrinfo ENOTFOUND ep-dawn-art-ad851kgt-pooler.c-2.us-east-1.aws.neon.tech","level":"error","message":"Failed to fetch stock balance","service":"deelad-place-api","tenantId":19,"timestamp":"2026-01-19 07:20:44"}
{"error":"getaddrinfo ENOTFOUND ep-dawn-art-ad851kgt-pooler.c-2.us-east-1.aws.neon.tech","level":"error","message":"Failed to fetch stock balance","service":"deelad-place-api","tenantId":19,"timestamp":"2026-01-19 07:26:09"}
{"error":"getaddrinfo ENOTFOUND ep-dawn-art-ad851kgt-pooler.c-2.us-east-1.aws.neon.tech","level":"error","message":"Failed to fetch stock balance","service":"deelad-place-api","tenantId":19,"timestamp":"2026-01-19 07:26:09"}
{"error":"getaddrinfo ENOTFOUND ep-dawn-art-ad851kgt-pooler.c-2.us-east-1.aws.neon.tech","level":"error","message":"Failed to fetch stock balance","service":"deelad-place-api","tenantId":19,"timestamp":"2026-01-19 07:38:25"}
{"error":"getaddrinfo ENOTFOUND ep-dawn-art-ad851kgt-pooler.c-2.us-east-1.aws.neon.tech","level":"error","message":"getProfitSummary error","service":"deelad-place-api","tenantId":19,"timestamp":"2026-01-19 07:38:25"}
{"error":"getaddrinfo ENOTFOUND ep-dawn-art-ad851kgt-pooler.c-2.us-east-1.aws.neon.tech","level":"error","message":"Failed to fetch stock balance","service":"deelad-place-api","tenantId":19,"timestamp":"2026-01-19 07:39:54"}
{"error":"getaddrinfo ENOTFOUND ep-dawn-art-ad851kgt-pooler.c-2.us-east-1.aws.neon.tech","level":"error","message":"Failed to fetch stock balance","service":"deelad-place-api","tenantId":19,"timestamp":"2026-01-19 07:47:10"}
{"error":"Connection terminated unexpectedly","level":"error","message":"Failed to fetch stock balance","service":"deelad-place-api","tenantId":19,"timestamp":"2026-01-19 10:56:12"}
{"error":"getaddrinfo ENOTFOUND ep-dawn-art-ad851kgt-pooler.c-2.us-east-1.aws.neon.tech","level":"error","message":"Failed to fetch stock balance","service":"deelad-place-api","tenantId":19,"timestamp":"2026-01-19 11:07:35"}
{"error":"getaddrinfo ENOTFOUND ep-dawn-art-ad851kgt-pooler.c-2.us-east-1.aws.neon.tech","level":"error","message":"Failed to fetch stock balance","service":"deelad-place-api","tenantId":19,"timestamp":"2026-01-19 11:21:59"}
{"error":"getaddrinfo ENOTFOUND ep-dawn-art-ad851kgt-pooler.c-2.us-east-1.aws.neon.tech","level":"error","message":"Failed to fetch stock balance","service":"deelad-place-api","tenantId":19,"timestamp":"2026-01-19 11:23:59"}
{"error":"Authentication timed out","level":"error","message":"Failed to fetch stock balance","service":"deelad-place-api","tenantId":19,"timestamp":"2026-01-19 11:27:23"}
{"error":"getaddrinfo ENOTFOUND ep-dawn-art-ad851kgt-pooler.c-2.us-east-1.aws.neon.tech","level":"error","message":"Failed to fetch stock balance","service":"deelad-place-api","tenantId":19,"timestamp":"2026-01-19 11:28:00"}
{"error":"getaddrinfo ENOTFOUND ep-dawn-art-ad851kgt-pooler.c-2.us-east-1.aws.neon.tech","level":"error","message":"Get Invites Error","service":"deelad-place-api","tenantId":19,"timestamp":"2026-01-19 11:28:50"}
{"error":"getaddrinfo ENOTFOUND ep-dawn-art-ad851kgt-pooler.c-2.us-east-1.aws.neon.tech","level":"error","message":"Failed to fetch stock balance","service":"deelad-place-api","tenantId":19,"timestamp":"2026-01-19 11:28:50"}
{"error":"getaddrinfo ENOTFOUND ep-dawn-art-ad851kgt-pooler.c-2.us-east-1.aws.neon.tech","level":"error","message":"Get Invites Error","service":"deelad-place-api","tenantId":19,"timestamp":"2026-01-19 11:28:50"}
{"error":"getaddrinfo ENOTFOUND ep-dawn-art-ad851kgt-pooler.c-2.us-east-1.aws.neon.tech","level":"error","message":"Failed to fetch stock balance","service":"deelad-place-api","tenantId":19,"timestamp":"2026-01-19 11:29:02"}
{"error":"getaddrinfo ENOTFOUND ep-dawn-art-ad851kgt-pooler.c-2.us-east-1.aws.neon.tech","level":"error","message":"Failed to fetch stock balance","service":"deelad-place-api","tenantId":19,"timestamp":"2026-01-19 11:29:02"}
{"error":"read ECONNRESET","level":"error","message":"Failed to fetch stock balance","service":"deelad-place-api","tenantId":19,"timestamp":"2026-01-19 11:29:49"}
{"error":"getaddrinfo ENOTFOUND ep-dawn-art-ad851kgt-pooler.c-2.us-east-1.aws.neon.tech","level":"error","message":"Failed to fetch stock balance","service":"deelad-place-api","tenantId":19,"timestamp":"2026-01-19 11:29:51"}
{"error":"getaddrinfo ENOTFOUND ep-dawn-art-ad851kgt-pooler.c-2.us-east-1.aws.neon.tech","level":"error","message":"Failed to fetch stock balance","service":"deelad-place-api","tenantId":19,"timestamp":"2026-01-19 11:30:50"}
{"error":"getaddrinfo ENOTFOUND ep-dawn-art-ad851kgt-pooler.c-2.us-east-1.aws.neon.tech","level":"error","message":"Failed to fetch stock balance","service":"deelad-place-api","tenantId":19,"timestamp":"2026-01-19 11:31:38"}
{"error":"Client network socket disconnected before secure TLS connection was established","level":"error","message":"Failed to fetch stock balance","service":"deelad-place-api","tenantId":19,"timestamp":"2026-01-19 11:37:55"}
{"error":"getaddrinfo ENOTFOUND ep-dawn-art-ad851kgt-pooler.c-2.us-east-1.aws.neon.tech","level":"error","message":"Get Invites Error","service":"deelad-place-api","tenantId":19,"timestamp":"2026-01-19 11:52:18"}
{"error":"getaddrinfo ENOTFOUND ep-dawn-art-ad851kgt-pooler.c-2.us-east-1.aws.neon.tech","level":"error","message":"Failed to fetch stock balance","service":"deelad-place-api","tenantId":19,"timestamp":"2026-01-19 11:52:50"}
{"error":"getaddrinfo ENOTFOUND ep-dawn-art-ad851kgt-pooler.c-2.us-east-1.aws.neon.tech","level":"error","message":"Failed to fetch stock balance","service":"deelad-place-api","tenantId":19,"timestamp":"2026-01-19 11:52:50"}
{"error":"getaddrinfo ENOTFOUND ep-dawn-art-ad851kgt-pooler.c-2.us-east-1.aws.neon.tech","level":"error","message":"Get Invites Error","service":"deelad-place-api","tenantId":19,"timestamp":"2026-01-19 11:52:50"}
{"error":"getaddrinfo ENOTFOUND ep-dawn-art-ad851kgt-pooler.c-2.us-east-1.aws.neon.tech","level":"error","message":"Failed to fetch stock balance","service":"deelad-place-api","tenantId":19,"timestamp":"2026-01-19 11:52:50"}
{"error":"getaddrinfo ENOTFOUND ep-dawn-art-ad851kgt-pooler.c-2.us-east-1.aws.neon.tech","level":"error","message":"Get Invites Error","service":"deelad-place-api","tenantId":19,"timestamp":"2026-01-19 11:52:50"}
{"error":"getaddrinfo ENOTFOUND ep-dawn-art-ad851kgt-pooler.c-2.us-east-1.aws.neon.tech","level":"error","message":"Failed to fetch stock balance","service":"deelad-place-api","tenantId":19,"timestamp":"2026-01-19 12:12:11"}
{"error":"getaddrinfo ENOTFOUND ep-dawn-art-ad851kgt-pooler.c-2.us-east-1.aws.neon.tech","level":"error","message":"Failed to fetch stock balance","service":"deelad-place-api","tenantId":19,"timestamp":"2026-01-19 12:22:16"}
{"error":"getaddrinfo ENOTFOUND ep-dawn-art-ad851kgt-pooler.c-2.us-east-1.aws.neon.tech","level":"error","message":"Failed to fetch stock balance","service":"deelad-place-api","tenantId":19,"timestamp":"2026-01-19 12:23:17"}
{"error":"","level":"error","message":"Failed to fetch stock balance","service":"deelad-place-api","tenantId":19,"timestamp":"2026-01-19 12:31:32"}
{"error":"getaddrinfo ENOTFOUND ep-dawn-art-ad851kgt-pooler.c-2.us-east-1.aws.neon.tech","level":"error","message":"Failed to fetch stock balance","service":"deelad-place-api","tenantId":19,"timestamp":"2026-01-19 12:40:17"}
{"error":"","level":"error","message":"Failed to fetch stock balance","service":"deelad-place-api","tenantId":19,"timestamp":"2026-01-19 12:42:29"}
{"error":"getaddrinfo ENOTFOUND ep-dawn-art-ad851kgt-pooler.c-2.us-east-1.aws.neon.tech","level":"error","message":"Failed to fetch stock balance","service":"deelad-place-api","tenantId":19,"timestamp":"2026-01-19 12:43:20"}
{"error":"getaddrinfo ENOTFOUND ep-dawn-art-ad851kgt-pooler.c-2.us-east-1.aws.neon.tech","level":"error","message":"Failed to fetch stock balance","service":"deelad-place-api","tenantId":19,"timestamp":"2026-01-19 12:45:22"}
{"error":"getaddrinfo ENOTFOUND ep-dawn-art-ad851kgt-pooler.c-2.us-east-1.aws.neon.tech","level":"error","message":"Failed to fetch stock balance","service":"deelad-place-api","tenantId":19,"timestamp":"2026-01-19 12:50:27"}
{"error":"getaddrinfo ENOTFOUND ep-dawn-art-ad851kgt-pooler.c-2.us-east-1.aws.neon.tech","level":"error","message":"Failed to fetch stock balance","service":"deelad-place-api","tenantId":19,"timestamp":"2026-01-19 13:02:13"}
{"error":"getaddrinfo ENOTFOUND ep-dawn-art-ad851kgt-pooler.c-2.us-east-1.aws.neon.tech","level":"error","message":"Failed to fetch stock balance","service":"deelad-place-api","tenantId":19,"timestamp":"2026-01-19 13:08:32"}
{"error":"getaddrinfo ENOTFOUND ep-dawn-art-ad851kgt-pooler.c-2.us-east-1.aws.neon.tech","level":"error","message":"getProfitSummary error","service":"deelad-place-api","tenantId":19,"timestamp":"2026-01-19 13:08:32"}
{"error":"getaddrinfo ENOTFOUND ep-dawn-art-ad851kgt-pooler.c-2.us-east-1.aws.neon.tech","level":"error","message":"getExpenseSummary error","service":"deelad-place-api","tenantId":19,"timestamp":"2026-01-19 13:08:44"}
{"error":"getaddrinfo ENOTFOUND ep-dawn-art-ad851kgt-pooler.c-2.us-east-1.aws.neon.tech","level":"error","message":"getSalesReport error","service":"deelad-place-api","tenantId":19,"timestamp":"2026-01-19 13:08:44"}
{"error":"getaddrinfo ENOTFOUND ep-dawn-art-ad851kgt-pooler.c-2.us-east-1.aws.neon.tech","level":"error","message":"Failed to fetch stock balance","service":"deelad-place-api","tenantId":19,"timestamp":"2026-01-19 13:16:24"}
{"error":"getaddrinfo ENOTFOUND ep-dawn-art-ad851kgt-pooler.c-2.us-east-1.aws.neon.tech","level":"error","message":"Failed to fetch stock balance","service":"deelad-place-api","tenantId":19,"timestamp":"2026-01-19 14:14:13"}
{"error":"getaddrinfo ENOTFOUND ep-dawn-art-ad851kgt-pooler.c-2.us-east-1.aws.neon.tech","level":"error","message":"Failed to fetch stock balance","service":"deelad-place-api","tenantId":19,"timestamp":"2026-01-19 14:16:14"}
{"error":"getaddrinfo ENOTFOUND ep-dawn-art-ad851kgt-pooler.c-2.us-east-1.aws.neon.tech","level":"error","message":"Failed to fetch stock balance","service":"deelad-place-api","tenantId":19,"timestamp":"2026-01-19 14:26:29"}
{"error":"getaddrinfo ENOTFOUND ep-dawn-art-ad851kgt-pooler.c-2.us-east-1.aws.neon.tech","level":"error","message":"Failed to fetch stock balance","service":"deelad-place-api","tenantId":19,"timestamp":"2026-01-19 14:44:27"}
{"error":"getaddrinfo ENOTFOUND ep-dawn-art-ad851kgt-pooler.c-2.us-east-1.aws.neon.tech","level":"error","message":"Failed to fetch stock balance","service":"deelad-place-api","tenantId":19,"timestamp":"2026-01-19 14:45:27"}
{"error":"getaddrinfo ENOTFOUND ep-dawn-art-ad851kgt-pooler.c-2.us-east-1.aws.neon.tech","level":"error","message":"Failed to fetch stock balance","service":"deelad-place-api","tenantId":19,"timestamp":"2026-01-19 14:48:11"}
{"error":"","level":"error","message":"Failed to fetch stock balance","service":"deelad-place-api","tenantId":19,"timestamp":"2026-01-19 14:49:21"}
{"error":"getaddrinfo ENOTFOUND ep-dawn-art-ad851kgt-pooler.c-2.us-east-1.aws.neon.tech","level":"error","message":"Failed to fetch stock balance","service":"deelad-place-api","tenantId":19,"timestamp":"2026-01-19 15:02:08"}
{"error":"Connection terminated unexpectedly","level":"error","message":"Failed to fetch stock balance","service":"deelad-place-api","tenantId":19,"timestamp":"2026-01-19 15:04:23"}
{"error":"getaddrinfo ENOTFOUND ep-dawn-art-ad851kgt-pooler.c-2.us-east-1.aws.neon.tech","level":"error","message":"Failed to fetch stock balance","service":"deelad-place-api","tenantId":19,"timestamp":"2026-01-19 15:07:12"}
{"error":"getaddrinfo ENOTFOUND ep-dawn-art-ad851kgt-pooler.c-2.us-east-1.aws.neon.tech","level":"error","message":"Failed to fetch stock balance","service":"deelad-place-api","tenantId":19,"timestamp":"2026-01-19 15:07:32"}
{"error":"read ECONNRESET","level":"error","message":"Failed to fetch stock balance","service":"deelad-place-api","tenantId":19,"timestamp":"2026-01-19 15:07:36"}
{"error":"read ECONNRESET","level":"error","message":"Failed to fetch stock balance","service":"deelad-place-api","tenantId":19,"timestamp":"2026-01-19 15:07:36"}
{"error":"read ECONNRESET","level":"error","message":"Failed to fetch stock balance","service":"deelad-place-api","tenantId":19,"timestamp":"2026-01-19 15:07:36"}
{"error":"getaddrinfo ENOTFOUND ep-dawn-art-ad851kgt-pooler.c-2.us-east-1.aws.neon.tech","level":"error","message":"Failed to fetch stock balance","service":"deelad-place-api","tenantId":19,"timestamp":"2026-01-19 15:07:40"}
{"error":"getaddrinfo ENOTFOUND ep-dawn-art-ad851kgt-pooler.c-2.us-east-1.aws.neon.tech","level":"error","message":"Failed to fetch stock balance","service":"deelad-place-api","tenantId":19,"timestamp":"2026-01-19 15:08:02"}
{"error":"getaddrinfo ENOTFOUND ep-dawn-art-ad851kgt-pooler.c-2.us-east-1.aws.neon.tech","level":"error","message":"Failed to fetch stock balance","service":"deelad-place-api","tenantId":19,"timestamp":"2026-01-19 15:08:44"}
{"error":"getaddrinfo ENOTFOUND ep-dawn-art-ad851kgt-pooler.c-2.us-east-1.aws.neon.tech","level":"error","message":"Failed to fetch stock balance","service":"deelad-place-api","tenantId":19,"timestamp":"2026-01-19 15:08:56"}
{"error":"getaddrinfo ENOTFOUND ep-dawn-art-ad851kgt-pooler.c-2.us-east-1.aws.neon.tech","level":"error","message":"Failed to fetch stock balance","service":"deelad-place-api","tenantId":19,"timestamp":"2026-01-19 15:09:43"}
{"error":"getaddrinfo ENOTFOUND ep-dawn-art-ad851kgt-pooler.c-2.us-east-1.aws.neon.tech","level":"error","message":"Failed to fetch stock balance","service":"deelad-place-api","tenantId":19,"timestamp":"2026-01-19 15:09:56"}
{"error":"getaddrinfo ENOTFOUND ep-dawn-art-ad851kgt-pooler.c-2.us-east-1.aws.neon.tech","level":"error","message":"Failed to fetch stock balance","service":"deelad-place-api","tenantId":19,"timestamp":"2026-01-19 15:10:54"}
{"error":"getaddrinfo ENOTFOUND ep-dawn-art-ad851kgt-pooler.c-2.us-east-1.aws.neon.tech","level":"error","message":"Failed to fetch stock balance","service":"deelad-place-api","tenantId":19,"timestamp":"2026-01-19 15:22:05"}
{"error":"getaddrinfo ENOTFOUND ep-dawn-art-ad851kgt-pooler.c-2.us-east-1.aws.neon.tech","level":"error","message":"Failed to fetch stock balance","service":"deelad-place-api","tenantId":19,"timestamp":"2026-01-19 15:25:28"}
{"error":"getaddrinfo ENOTFOUND ep-dawn-art-ad851kgt-pooler.c-2.us-east-1.aws.neon.tech","level":"error","message":"Failed to fetch stock balance","service":"deelad-place-api","tenantId":19,"timestamp":"2026-01-19 15:25:28"}
{"error":"Client network socket disconnected before secure TLS connection was established","level":"error","message":"Failed to fetch stock balance","service":"deelad-place-api","tenantId":19,"timestamp":"2026-01-19 15:26:42"}
{"error":"Client network socket disconnected before secure TLS connection was established","level":"error","message":"Failed to fetch stock balance","service":"deelad-place-api","tenantId":19,"timestamp":"2026-01-19 15:26:42"}
{"error":"Connection terminated unexpectedly","level":"error","message":"Failed to fetch stock balance","service":"deelad-place-api","tenantId":19,"timestamp":"2026-01-19 15:28:10"}
{"error":"Connection terminated unexpectedly","level":"error","message":"Failed to fetch stock balance","service":"deelad-place-api","tenantId":19,"timestamp":"2026-01-19 15:28:40"}
{"error":"Connection terminated unexpectedly","level":"error","message":"Failed to fetch stock balance","service":"deelad-place-api","tenantId":19,"timestamp":"2026-01-19 15:28:45"}
{"error":"getaddrinfo ENOTFOUND ep-dawn-art-ad851kgt-pooler.c-2.us-east-1.aws.neon.tech","level":"error","message":"Failed to fetch stock balance","service":"deelad-place-api","tenantId":19,"timestamp":"2026-01-19 15:35:28"}
{"error":"getaddrinfo ENOTFOUND ep-dawn-art-ad851kgt-pooler.c-2.us-east-1.aws.neon.tech","level":"error","message":"Failed to fetch stock balance","service":"deelad-place-api","tenantId":19,"timestamp":"2026-01-19 15:35:28"}
{"error":"getaddrinfo ENOTFOUND ep-dawn-art-ad851kgt-pooler.c-2.us-east-1.aws.neon.tech","level":"error","message":"Failed to fetch stock balance","service":"deelad-place-api","tenantId":19,"timestamp":"2026-01-19 15:36:28"}
{"error":"getaddrinfo ENOTFOUND ep-dawn-art-ad851kgt-pooler.c-2.us-east-1.aws.neon.tech","level":"error","message":"Failed to fetch stock balance","service":"deelad-place-api","tenantId":19,"timestamp":"2026-01-19 15:36:28"}
{"error":"read ECONNRESET","level":"error","message":"Failed to fetch stock balance","service":"deelad-place-api","tenantId":19,"timestamp":"2026-01-19 15:49:19"}
{"error":"getaddrinfo ENOTFOUND ep-dawn-art-ad851kgt-pooler.c-2.us-east-1.aws.neon.tech","level":"error","message":"Failed to fetch stock balance","service":"deelad-place-api","tenantId":19,"timestamp":"2026-01-19 15:49:31"}
{"error":"getaddrinfo ENOTFOUND ep-dawn-art-ad851kgt-pooler.c-2.us-east-1.aws.neon.tech","level":"error","message":"Failed to fetch stock balance","service":"deelad-place-api","tenantId":19,"timestamp":"2026-01-19 18:40:48"}
{"error":"getaddrinfo ENOTFOUND ep-dawn-art-ad851kgt-pooler.c-2.us-east-1.aws.neon.tech","level":"error","message":"Failed to fetch stock balance","service":"deelad-place-api","tenantId":19,"timestamp":"2026-01-19 18:51:06"}
{"error":"getaddrinfo ENOTFOUND ep-dawn-art-ad851kgt-pooler.c-2.us-east-1.aws.neon.tech","level":"error","message":"Failed to fetch stock balance","service":"deelad-place-api","tenantId":19,"timestamp":"2026-01-19 18:51:30"}
{"error":"getaddrinfo ENOTFOUND ep-dawn-art-ad851kgt-pooler.c-2.us-east-1.aws.neon.tech","level":"error","message":"Failed to fetch stock balance","service":"deelad-place-api","tenantId":19,"timestamp":"2026-01-19 18:59:03"}
{"error":"getaddrinfo ENOTFOUND ep-dawn-art-ad851kgt-pooler.c-2.us-east-1.aws.neon.tech","level":"error","message":"Failed to fetch stock balance","service":"deelad-place-api","tenantId":19,"timestamp":"2026-01-19 18:59:03"}
{"error":"getaddrinfo ENOTFOUND ep-dawn-art-ad851kgt-pooler.c-2.us-east-1.aws.neon.tech","level":"error","message":"Failed to fetch stock balance","service":"deelad-place-api","tenantId":19,"timestamp":"2026-01-19 19:02:03"}
{"error":"getaddrinfo ENOTFOUND ep-dawn-art-ad851kgt-pooler.c-2.us-east-1.aws.neon.tech","level":"error","message":"Failed to fetch stock balance","service":"deelad-place-api","tenantId":19,"timestamp":"2026-01-19 19:02:03"}
{"error":"getaddrinfo ENOTFOUND ep-dawn-art-ad851kgt-pooler.c-2.us-east-1.aws.neon.tech","level":"error","message":"Failed to fetch stock balance","service":"deelad-place-api","tenantId":19,"timestamp":"2026-01-19 19:02:20"}
{"error":"getaddrinfo ENOTFOUND ep-dawn-art-ad851kgt-pooler.c-2.us-east-1.aws.neon.tech","level":"error","message":"Failed to fetch stock balance","service":"deelad-place-api","tenantId":19,"timestamp":"2026-01-19 19:02:31"}
{"error":"getaddrinfo ENOTFOUND ep-dawn-art-ad851kgt-pooler.c-2.us-east-1.aws.neon.tech","level":"error","message":"Failed to fetch stock balance","service":"deelad-place-api","tenantId":19,"timestamp":"2026-01-19 19:02:42"}
{"error":"vendorId is not defined","level":"error","message":"Failed to fetch product SIC report","service":"deelad-place-api","tenantId":19,"timestamp":"2026-01-19 21:13:16"}
{"error":"vendorId is not defined","level":"error","message":"Failed to fetch product SIC report","service":"deelad-place-api","tenantId":19,"timestamp":"2026-01-19 21:13:16"}
{"error":"vendorId is not defined","level":"error","message":"Failed to fetch product SIC report","service":"deelad-place-api","tenantId":19,"timestamp":"2026-01-19 21:43:52"}
{"error":"vendorId is not defined","level":"error","message":"Failed to fetch product SIC report","service":"deelad-place-api","tenantId":19,"timestamp":"2026-01-19 21:43:52"}
{"error":"getaddrinfo ENOTFOUND ep-dawn-art-ad851kgt-pooler.c-2.us-east-1.aws.neon.tech","level":"error","message":"Failed to fetch stock balance","service":"deelad-place-api","tenantId":19,"timestamp":"2026-01-19 21:47:34"}
{"error":"getaddrinfo ENOTFOUND ep-dawn-art-ad851kgt-pooler.c-2.us-east-1.aws.neon.tech","level":"error","message":"Failed to fetch stock balance","service":"deelad-place-api","tenantId":19,"timestamp":"2026-01-19 21:48:05"}
{"error":"getaddrinfo ENOTFOUND ep-dawn-art-ad851kgt-pooler.c-2.us-east-1.aws.neon.tech","level":"error","message":"Failed to fetch stock balance","service":"deelad-place-api","tenantId":19,"timestamp":"2026-01-19 21:48:34"}
{"error":"getaddrinfo ENOTFOUND ep-dawn-art-ad851kgt-pooler.c-2.us-east-1.aws.neon.tech","level":"error","message":"Failed to fetch stock balance","service":"deelad-place-api","tenantId":19,"timestamp":"2026-01-19 22:02:55"}
{"error":"getaddrinfo ENOTFOUND ep-dawn-art-ad851kgt-pooler.c-2.us-east-1.aws.neon.tech","level":"error","message":"Failed to fetch stock balance","service":"deelad-place-api","tenantId":19,"timestamp":"2026-01-19 22:02:57"}
{"error":"getaddrinfo ENOTFOUND ep-dawn-art-ad851kgt-pooler.c-2.us-east-1.aws.neon.tech","level":"error","message":"Failed to fetch stock balance","service":"deelad-place-api","tenantId":19,"timestamp":"2026-01-19 22:03:24"}
{"error":"getaddrinfo ENOTFOUND ep-dawn-art-ad851kgt-pooler.c-2.us-east-1.aws.neon.tech","level":"error","message":"Failed to fetch stock balance","service":"deelad-place-api","tenantId":19,"timestamp":"2026-01-19 22:03:53"}
{"error":"getaddrinfo ENOTFOUND ep-dawn-art-ad851kgt-pooler.c-2.us-east-1.aws.neon.tech","level":"error","message":"Failed to fetch stock balance","service":"deelad-place-api","tenantId":19,"timestamp":"2026-01-19 22:09:10"}
{"error":"getaddrinfo ENOTFOUND ep-dawn-art-ad851kgt-pooler.c-2.us-east-1.aws.neon.tech","level":"error","message":"Failed to fetch stock balance","service":"deelad-place-api","tenantId":19,"timestamp":"2026-01-19 22:11:12"}
{"error":"getaddrinfo ENOTFOUND ep-dawn-art-ad851kgt-pooler.c-2.us-east-1.aws.neon.tech","level":"error","message":"Failed to fetch stock balance","service":"deelad-place-api","tenantId":19,"timestamp":"2026-01-19 22:12:13"}
{"error":"getaddrinfo ENOTFOUND ep-dawn-art-ad851kgt-pooler.c-2.us-east-1.aws.neon.tech","level":"error","message":"Failed to fetch stock balance","service":"deelad-place-api","tenantId":19,"timestamp":"2026-01-19 22:12:36"}
{"error":"read ECONNRESET","level":"error","message":"Failed to fetch stock balance","service":"deelad-place-api","tenantId":19,"timestamp":"2026-01-19 22:13:00"}
{"error":"getaddrinfo ENOTFOUND ep-dawn-art-ad851kgt-pooler.c-2.us-east-1.aws.neon.tech","level":"error","message":"Failed to fetch stock balance","service":"deelad-place-api","tenantId":19,"timestamp":"2026-01-19 22:13:14"}
{"error":"getaddrinfo ENOTFOUND ep-dawn-art-ad851kgt-pooler.c-2.us-east-1.aws.neon.tech","level":"error","message":"Failed to fetch stock balance","service":"deelad-place-api","tenantId":19,"timestamp":"2026-01-19 22:13:14"}
{"error":"getaddrinfo ENOTFOUND ep-dawn-art-ad851kgt-pooler.c-2.us-east-1.aws.neon.tech","level":"error","message":"Failed to fetch stock balance","service":"deelad-place-api","tenantId":19,"timestamp":"2026-01-19 22:14:15"}
{"error":"getaddrinfo ENOTFOUND ep-dawn-art-ad851kgt-pooler.c-2.us-east-1.aws.neon.tech","level":"error","message":"Failed to fetch stock balance","service":"deelad-place-api","tenantId":19,"timestamp":"2026-01-19 22:14:15"}
{"error":"getaddrinfo ENOTFOUND ep-dawn-art-ad851kgt-pooler.c-2.us-east-1.aws.neon.tech","level":"error","message":"Failed to fetch stock balance","service":"deelad-place-api","tenantId":19,"timestamp":"2026-01-19 22:15:04"}
{"error":"getaddrinfo ENOTFOUND ep-dawn-art-ad851kgt-pooler.c-2.us-east-1.aws.neon.tech","level":"error","message":"Failed to fetch stock balance","service":"deelad-place-api","tenantId":19,"timestamp":"2026-01-19 22:15:07"}
{"error":"getaddrinfo ENOTFOUND ep-dawn-art-ad851kgt-pooler.c-2.us-east-1.aws.neon.tech","level":"error","message":"Failed to fetch stock balance","service":"deelad-place-api","tenantId":19,"timestamp":"2026-01-19 22:16:05"}
{"error":"getaddrinfo ENOTFOUND ep-dawn-art-ad851kgt-pooler.c-2.us-east-1.aws.neon.tech","level":"error","message":"Failed to fetch stock balance","service":"deelad-place-api","tenantId":19,"timestamp":"2026-01-19 22:16:08"}
{"error":"getaddrinfo ENOTFOUND ep-dawn-art-ad851kgt-pooler.c-2.us-east-1.aws.neon.tech","level":"error","message":"Failed to fetch stock balance","service":"deelad-place-api","tenantId":19,"timestamp":"2026-01-19 22:20:17"}
{"error":"getaddrinfo ENOTFOUND ep-dawn-art-ad851kgt-pooler.c-2.us-east-1.aws.neon.tech","level":"error","message":"Failed to fetch stock balance","service":"deelad-place-api","tenantId":19,"timestamp":"2026-01-19 22:20:17"}
{"error":"Authentication timed out","level":"error","message":"getSalesOverview error","service":"deelad-place-api","tenantId":19,"timestamp":"2026-01-19 22:21:48"}
{"error":"Authentication timed out","level":"error","message":"getTopProducts error","service":"deelad-place-api","tenantId":19,"timestamp":"2026-01-19 22:21:48"}
{"error":"Connection terminated unexpectedly","level":"error","message":"Get vendors error","service":"deelad-place-api","tenantId":19,"timestamp":"2026-01-19 22:21:48"}
{"error":"read ECONNRESET","level":"error","message":"Get all users error","service":"deelad-place-api","tenantId":19,"timestamp":"2026-01-19 22:21:49"}
{"error":"read ECONNRESET","level":"error","message":"getSalesSummary error","service":"deelad-place-api","tenantId":19,"timestamp":"2026-01-19 22:21:49"}
{"error":"read ECONNRESET","level":"error","message":"Failed to fetch stock balance","service":"deelad-place-api","tenantId":19,"timestamp":"2026-01-19 22:21:49"}
{"error":"getaddrinfo ENOTFOUND ep-dawn-art-ad851kgt-pooler.c-2.us-east-1.aws.neon.tech","level":"error","message":"Failed to fetch stock balance","service":"deelad-place-api","tenantId":19,"timestamp":"2026-01-19 22:23:24"}
{"error":"getaddrinfo ENOTFOUND ep-dawn-art-ad851kgt-pooler.c-2.us-east-1.aws.neon.tech","level":"error","message":"Failed to fetch stock balance","service":"deelad-place-api","tenantId":19,"timestamp":"2026-01-19 22:23:24"}
{"error":"vendorId is not defined","level":"error","message":"Failed to fetch product SIC report","service":"deelad-place-api","tenantId":19,"timestamp":"2026-01-19 22:23:28"}
{"error":"vendorId is not defined","level":"error","message":"Failed to fetch product SIC report","service":"deelad-place-api","tenantId":19,"timestamp":"2026-01-19 22:23:28"}
{"error":"read ECONNRESET","level":"error","message":"Failed to fetch stock balance","service":"deelad-place-api","tenantId":19,"timestamp":"2026-01-19 22:30:22"}
{"error":"vendorId is not defined","level":"error","message":"Failed to fetch product SIC report","service":"deelad-place-api","tenantId":19,"timestamp":"2026-01-19 22:31:11"}
{"error":"vendorId is not defined","level":"error","message":"Failed to fetch product SIC report","service":"deelad-place-api","tenantId":19,"timestamp":"2026-01-19 22:31:11"}
{"error":"vendorId is not defined","level":"error","message":"Failed to fetch product SIC report","service":"deelad-place-api","tenantId":19,"timestamp":"2026-01-19 22:31:39"}
{"error":"vendorId is not defined","level":"error","message":"Failed to fetch product SIC report","service":"deelad-place-api","tenantId":19,"timestamp":"2026-01-19 22:31:39"}
{"error":"vendorId is not defined","level":"error","message":"Failed to fetch product SIC report","service":"deelad-place-api","tenantId":19,"timestamp":"2026-01-19 22:31:43"}
{"error":"vendorId is not defined","level":"error","message":"Failed to fetch product SIC report","service":"deelad-place-api","tenantId":19,"timestamp":"2026-01-19 22:31:43"}
{"error":"vendorId is not defined","level":"error","message":"Failed to fetch product SIC report","service":"deelad-place-api","tenantId":19,"timestamp":"2026-01-19 22:32:46"}
{"error":"vendorId is not defined","level":"error","message":"Failed to fetch product SIC report","service":"deelad-place-api","tenantId":19,"timestamp":"2026-01-19 22:32:46"}
{"error":"vendorId is not defined","level":"error","message":"Failed to fetch product SIC report","service":"deelad-place-api","tenantId":19,"timestamp":"2026-01-19 22:36:09"}
{"error":"vendorId is not defined","level":"error","message":"Failed to fetch product SIC report","service":"deelad-place-api","tenantId":19,"timestamp":"2026-01-19 22:36:09"}
{"error":"vendorId is not defined","level":"error","message":"Failed to fetch product SIC report","service":"deelad-place-api","tenantId":19,"timestamp":"2026-01-19 22:43:22"}
{"error":"vendorId is not defined","level":"error","message":"Failed to fetch product SIC report","service":"deelad-place-api","tenantId":19,"timestamp":"2026-01-19 22:43:22"}
{"error":"Authentication timed out","level":"error","message":"getTopProducts error","service":"deelad-place-api","tenantId":19,"timestamp":"2026-01-19 22:45:45"}
{"error":"vendorId is not defined","level":"error","message":"Failed to fetch product SIC report","service":"deelad-place-api","tenantId":19,"timestamp":"2026-01-19 22:52:37"}
{"error":"vendorId is not defined","level":"error","message":"Failed to fetch product SIC report","service":"deelad-place-api","tenantId":19,"timestamp":"2026-01-19 22:52:37"}
{"error":"Client network socket disconnected before secure TLS connection was established","level":"error","message":"Failed to fetch stock balance","service":"deelad-place-api","tenantId":19,"timestamp":"2026-01-19 22:55:42"}
{"error":"getaddrinfo ENOTFOUND ep-dawn-art-ad851kgt-pooler.c-2.us-east-1.aws.neon.tech","level":"error","message":"Failed to fetch stock balance","service":"deelad-place-api","tenantId":19,"timestamp":"2026-01-19 22:57:53"}
{"error":"getaddrinfo ENOTFOUND ep-dawn-art-ad851kgt-pooler.c-2.us-east-1.aws.neon.tech","level":"error","message":"Failed to fetch stock balance","service":"deelad-place-api","tenantId":19,"timestamp":"2026-01-19 23:15:19"}
{"error":"getaddrinfo ENOTFOUND ep-dawn-art-ad851kgt-pooler.c-2.us-east-1.aws.neon.tech","level":"error","message":"Failed to fetch stock balance","service":"deelad-place-api","tenantId":19,"timestamp":"2026-01-19 23:15:38"}
{"error":"Authentication timed out","level":"error","message":"Failed to fetch stock balance","service":"deelad-place-api","tenantId":19,"timestamp":"2026-01-19 23:15:43"}
{"error":"Client network socket disconnected before secure TLS connection was established","level":"error","message":"Failed to fetch stock balance","service":"deelad-place-api","tenantId":19,"timestamp":"2026-01-19 23:15:43"}
{"error":"","level":"error","message":"Failed to fetch stock balance","service":"deelad-place-api","tenantId":19,"timestamp":"2026-01-19 23:17:42"}
{"error":"Authentication timed out","level":"error","message":"Failed to fetch stock balance","service":"deelad-place-api","tenantId":19,"timestamp":"2026-01-19 23:18:03"}
{"error":"vendorId is not defined","level":"error","message":"Failed to fetch product SIC report","service":"deelad-place-api","tenantId":19,"timestamp":"2026-01-19 23:19:21"}
{"error":"vendorId is not defined","level":"error","message":"Failed to fetch product SIC report","service":"deelad-place-api","tenantId":19,"timestamp":"2026-01-19 23:19:21"}
{"error":"getaddrinfo ENOTFOUND ep-dawn-art-ad851kgt-pooler.c-2.us-east-1.aws.neon.tech","level":"error","message":"Failed to fetch stock balance","service":"deelad-place-api","tenantId":19,"timestamp":"2026-01-19 23:33:10"}
{"error":"getaddrinfo ENOTFOUND ep-dawn-art-ad851kgt-pooler.c-2.us-east-1.aws.neon.tech","level":"error","message":"Failed to fetch stock balance","service":"deelad-place-api","tenantId":19,"timestamp":"2026-01-19 23:42:14"}
{"error":"getaddrinfo ENOTFOUND ep-dawn-art-ad851kgt-pooler.c-2.us-east-1.aws.neon.tech","level":"error","message":"Failed to fetch stock balance","service":"deelad-place-api","tenantId":19,"timestamp":"2026-01-19 23:46:34"}
{"error":"getaddrinfo ENOTFOUND ep-dawn-art-ad851kgt-pooler.c-2.us-east-1.aws.neon.tech","level":"error","message":"Failed to fetch stock balance","service":"deelad-place-api","tenantId":19,"timestamp":"2026-01-20 00:01:14"}
{"error":"getaddrinfo ENOTFOUND ep-dawn-art-ad851kgt-pooler.c-2.us-east-1.aws.neon.tech","level":"error","message":"Failed to fetch stock balance","service":"deelad-place-api","tenantId":19,"timestamp":"2026-01-20 00:32:55"}
{"error":"getaddrinfo ENOTFOUND ep-dawn-art-ad851kgt-pooler.c-2.us-east-1.aws.neon.tech","level":"error","message":"Failed to fetch stock balance","service":"deelad-place-api","tenantId":19,"timestamp":"2026-01-20 00:33:06"}
{"error":"getaddrinfo ENOTFOUND ep-dawn-art-ad851kgt-pooler.c-2.us-east-1.aws.neon.tech","level":"error","message":"Failed to fetch stock balance","service":"deelad-place-api","tenantId":19,"timestamp":"2026-01-20 00:33:17"}
{"error":"getaddrinfo ENOTFOUND ep-dawn-art-ad851kgt-pooler.c-2.us-east-1.aws.neon.tech","level":"error","message":"Failed to fetch stock balance","service":"deelad-place-api","tenantId":19,"timestamp":"2026-01-20 00:33:17"}
{"error":"getaddrinfo ENOTFOUND ep-dawn-art-ad851kgt-pooler.c-2.us-east-1.aws.neon.tech","level":"error","message":"Failed to fetch stock balance","service":"deelad-place-api","tenantId":19,"timestamp":"2026-01-20 00:33:28"}
{"error":"getaddrinfo ENOTFOUND ep-dawn-art-ad851kgt-pooler.c-2.us-east-1.aws.neon.tech","level":"error","message":"Failed to fetch stock balance","service":"deelad-place-api","tenantId":19,"timestamp":"2026-01-20 00:33:28"}
{"error":"getaddrinfo ENOTFOUND ep-dawn-art-ad851kgt-pooler.c-2.us-east-1.aws.neon.tech","level":"error","message":"Failed to fetch stock balance","service":"deelad-place-api","tenantId":19,"timestamp":"2026-01-20 00:33:39"}
{"error":"getaddrinfo ENOTFOUND ep-dawn-art-ad851kgt-pooler.c-2.us-east-1.aws.neon.tech","level":"error","message":"Failed to fetch stock balance","service":"deelad-place-api","tenantId":19,"timestamp":"2026-01-20 00:33:51"}
{"error":"getaddrinfo ENOTFOUND ep-dawn-art-ad851kgt-pooler.c-2.us-east-1.aws.neon.tech","level":"error","message":"Failed to fetch stock balance","service":"deelad-place-api","tenantId":19,"timestamp":"2026-01-20 00:33:51"}
{"error":"getaddrinfo ENOTFOUND ep-dawn-art-ad851kgt-pooler.c-2.us-east-1.aws.neon.tech","level":"error","message":"Failed to fetch stock balance","service":"deelad-place-api","tenantId":19,"timestamp":"2026-01-20 00:34:02"}
{"error":"getaddrinfo ENOTFOUND ep-dawn-art-ad851kgt-pooler.c-2.us-east-1.aws.neon.tech","level":"error","message":"Failed to fetch stock balance","service":"deelad-place-api","tenantId":19,"timestamp":"2026-01-20 06:27:19"}
{"error":"getaddrinfo ENOTFOUND ep-dawn-art-ad851kgt-pooler.c-2.us-east-1.aws.neon.tech","level":"error","message":"Failed to fetch stock balance","service":"deelad-place-api","tenantId":19,"timestamp":"2026-01-20 06:28:49"}
{"error":"getaddrinfo ENOTFOUND ep-dawn-art-ad851kgt-pooler.c-2.us-east-1.aws.neon.tech","level":"error","message":"Failed to fetch stock balance","service":"deelad-place-api","tenantId":19,"timestamp":"2026-01-20 06:28:49"}
{"error":"getaddrinfo ENOTFOUND ep-dawn-art-ad851kgt-pooler.c-2.us-east-1.aws.neon.tech","level":"error","message":"Failed to fetch stock balance","service":"deelad-place-api","tenantId":19,"timestamp":"2026-01-20 06:29:00"}
{"error":"getaddrinfo ENOTFOUND ep-dawn-art-ad851kgt-pooler.c-2.us-east-1.aws.neon.tech","level":"error","message":"Failed to fetch stock balance","service":"deelad-place-api","tenantId":19,"timestamp":"2026-01-20 06:30:19"}
{"error":"getaddrinfo ENOTFOUND ep-dawn-art-ad851kgt-pooler.c-2.us-east-1.aws.neon.tech","level":"error","message":"Failed to fetch stock balance","service":"deelad-place-api","tenantId":19,"timestamp":"2026-01-20 07:53:36"}
{"error":"Connection terminated unexpectedly","level":"error","message":"Failed to fetch stock balance","service":"deelad-place-api","tenantId":19,"timestamp":"2026-01-20 07:55:30"}
{"error":"getaddrinfo ENOTFOUND ep-dawn-art-ad851kgt-pooler.c-2.us-east-1.aws.neon.tech","level":"error","message":"Failed to fetch stock balance","service":"deelad-place-api","tenantId":19,"timestamp":"2026-01-20 07:55:36"}
{"error":"getaddrinfo ENOTFOUND ep-dawn-art-ad851kgt-pooler.c-2.us-east-1.aws.neon.tech","level":"error","message":"Failed to fetch stock balance","service":"deelad-place-api","tenantId":19,"timestamp":"2026-01-20 07:57:05"}
{"error":"getaddrinfo ENOTFOUND ep-dawn-art-ad851kgt-pooler.c-2.us-east-1.aws.neon.tech","level":"error","message":"Failed to fetch stock balance","service":"deelad-place-api","tenantId":19,"timestamp":"2026-01-20 07:57:17"}
{"error":"getaddrinfo ENOTFOUND ep-dawn-art-ad851kgt-pooler.c-2.us-east-1.aws.neon.tech","level":"error","message":"Failed to fetch stock balance","service":"deelad-place-api","tenantId":19,"timestamp":"2026-01-20 07:57:17"}
{"error":"getaddrinfo ENOTFOUND ep-dawn-art-ad851kgt-pooler.c-2.us-east-1.aws.neon.tech","level":"error","message":"Failed to fetch stock balance","service":"deelad-place-api","tenantId":19,"timestamp":"2026-01-20 07:57:17"}
{"error":"getaddrinfo ENOTFOUND ep-dawn-art-ad851kgt-pooler.c-2.us-east-1.aws.neon.tech","level":"error","message":"Failed to fetch stock balance","service":"deelad-place-api","tenantId":19,"timestamp":"2026-01-20 07:57:17"}
{"error":"getaddrinfo ENOTFOUND ep-dawn-art-ad851kgt-pooler.c-2.us-east-1.aws.neon.tech","level":"error","message":"Failed to fetch stock balance","service":"deelad-place-api","tenantId":19,"timestamp":"2026-01-20 07:57:17"}
{"error":"getaddrinfo ENOTFOUND ep-dawn-art-ad851kgt-pooler.c-2.us-east-1.aws.neon.tech","level":"error","message":"Failed to fetch stock balance","service":"deelad-place-api","tenantId":19,"timestamp":"2026-01-20 07:57:17"}
{"error":"getaddrinfo ENOTFOUND ep-dawn-art-ad851kgt-pooler.c-2.us-east-1.aws.neon.tech","level":"error","message":"Failed to fetch stock balance","service":"deelad-place-api","tenantId":19,"timestamp":"2026-01-20 07:57:17"}
{"error":"getaddrinfo ENOTFOUND ep-dawn-art-ad851kgt-pooler.c-2.us-east-1.aws.neon.tech","level":"error","message":"Failed to fetch stock balance","service":"deelad-place-api","tenantId":19,"timestamp":"2026-01-20 07:57:25"}
{"error":"getaddrinfo ENOTFOUND ep-dawn-art-ad851kgt-pooler.c-2.us-east-1.aws.neon.tech","level":"error","message":"Failed to fetch stock balance","service":"deelad-place-api","tenantId":19,"timestamp":"2026-01-20 07:57:25"}
{"error":"Connection terminated unexpectedly","level":"error","message":"Failed to fetch stock balance","service":"deelad-place-api","tenantId":19,"timestamp":"2026-01-20 08:08:24"}
{"error":"getaddrinfo ENOTFOUND ep-dawn-art-ad851kgt-pooler.c-2.us-east-1.aws.neon.tech","level":"error","message":"Failed to fetch stock balance","service":"deelad-place-api","tenantId":19,"timestamp":"2026-01-20 08:12:00"}
{"error":"getaddrinfo ENOTFOUND ep-dawn-art-ad851kgt-pooler.c-2.us-east-1.aws.neon.tech","level":"error","message":"Failed to fetch stock balance","service":"deelad-place-api","tenantId":19,"timestamp":"2026-01-20 08:12:00"}
{"error":"vendorId is not defined","level":"error","message":"Failed to fetch product SIC report","service":"deelad-place-api","tenantId":19,"timestamp":"2026-01-20 08:21:56"}
{"error":"vendorId is not defined","level":"error","message":"Failed to fetch product SIC report","service":"deelad-place-api","tenantId":19,"timestamp":"2026-01-20 08:21:56"}
{"error":"getaddrinfo ENOTFOUND ep-dawn-art-ad851kgt-pooler.c-2.us-east-1.aws.neon.tech","level":"error","message":"Get vendors error","service":"deelad-place-api","tenantId":19,"timestamp":"2026-01-20 08:29:31"}
{"error":"getaddrinfo ENOTFOUND ep-dawn-art-ad851kgt-pooler.c-2.us-east-1.aws.neon.tech","level":"error","message":"Get all users error","service":"deelad-place-api","tenantId":19,"timestamp":"2026-01-20 08:29:31"}
{"error":"getaddrinfo ENOTFOUND ep-dawn-art-ad851kgt-pooler.c-2.us-east-1.aws.neon.tech","level":"error","message":"getSalesSummary error","service":"deelad-place-api","tenantId":19,"timestamp":"2026-01-20 08:29:31"}
{"error":"getaddrinfo ENOTFOUND ep-dawn-art-ad851kgt-pooler.c-2.us-east-1.aws.neon.tech","level":"error","message":"getTopProducts error","service":"deelad-place-api","tenantId":19,"timestamp":"2026-01-20 08:29:31"}
{"error":"getaddrinfo ENOTFOUND ep-dawn-art-ad851kgt-pooler.c-2.us-east-1.aws.neon.tech","level":"error","message":"getPaymentSummary error","service":"deelad-place-api","tenantId":19,"timestamp":"2026-01-20 08:29:31"}
{"error":"getaddrinfo ENOTFOUND ep-dawn-art-ad851kgt-pooler.c-2.us-east-1.aws.neon.tech","level":"error","message":"getSalesOverview error","service":"deelad-place-api","tenantId":19,"timestamp":"2026-01-20 08:29:31"}
{"error":"getaddrinfo ENOTFOUND ep-dawn-art-ad851kgt-pooler.c-2.us-east-1.aws.neon.tech","level":"error","message":"getVendorPerformance error","service":"deelad-place-api","tenantId":19,"timestamp":"2026-01-20 08:29:31"}
{"error":"getaddrinfo ENOTFOUND ep-dawn-art-ad851kgt-pooler.c-2.us-east-1.aws.neon.tech","level":"error","message":"Get vendors error","service":"deelad-place-api","tenantId":19,"timestamp":"2026-01-20 08:29:31"}
{"error":"getaddrinfo ENOTFOUND ep-dawn-art-ad851kgt-pooler.c-2.us-east-1.aws.neon.tech","level":"error","message":"Get all users error","service":"deelad-place-api","tenantId":19,"timestamp":"2026-01-20 08:29:31"}
{"error":"getaddrinfo ENOTFOUND ep-dawn-art-ad851kgt-pooler.c-2.us-east-1.aws.neon.tech","level":"error","message":"getSalesSummary error","service":"deelad-place-api","tenantId":19,"timestamp":"2026-01-20 08:29:31"}
{"error":"getaddrinfo ENOTFOUND ep-dawn-art-ad851kgt-pooler.c-2.us-east-1.aws.neon.tech","level":"error","message":"getTopProducts error","service":"deelad-place-api","tenantId":19,"timestamp":"2026-01-20 08:29:31"}
{"error":"getaddrinfo ENOTFOUND ep-dawn-art-ad851kgt-pooler.c-2.us-east-1.aws.neon.tech","level":"error","message":"getPaymentSummary error","service":"deelad-place-api","tenantId":19,"timestamp":"2026-01-20 08:29:31"}
{"error":"getaddrinfo ENOTFOUND ep-dawn-art-ad851kgt-pooler.c-2.us-east-1.aws.neon.tech","level":"error","message":"getSalesOverview error","service":"deelad-place-api","tenantId":19,"timestamp":"2026-01-20 08:29:31"}
{"error":"getaddrinfo ENOTFOUND ep-dawn-art-ad851kgt-pooler.c-2.us-east-1.aws.neon.tech","level":"error","message":"getVendorPerformance error","service":"deelad-place-api","tenantId":19,"timestamp":"2026-01-20 08:29:31"}
{"error":"getaddrinfo ENOTFOUND ep-dawn-art-ad851kgt-pooler.c-2.us-east-1.aws.neon.tech","level":"error","message":"getSalesPaginated error","service":"deelad-place-api","tenantId":19,"timestamp":"2026-01-20 08:29:31"}
{"error":"getaddrinfo ENOTFOUND ep-dawn-art-ad851kgt-pooler.c-2.us-east-1.aws.neon.tech","level":"error","message":"getSalesPaginated error","service":"deelad-place-api","tenantId":19,"timestamp":"2026-01-20 08:29:31"}
{"error":"getaddrinfo ENOTFOUND ep-dawn-art-ad851kgt-pooler.c-2.us-east-1.aws.neon.tech","level":"error","message":"getSalesPaginated error","service":"deelad-place-api","tenantId":19,"timestamp":"2026-01-20 08:29:31"}
{"error":"getaddrinfo ENOTFOUND ep-dawn-art-ad851kgt-pooler.c-2.us-east-1.aws.neon.tech","level":"error","message":"getSalesPaginated error","service":"deelad-place-api","tenantId":19,"timestamp":"2026-01-20 08:29:31"}
{"error":"getaddrinfo ENOTFOUND ep-dawn-art-ad851kgt-pooler.c-2.us-east-1.aws.neon.tech","level":"error","message":"Failed to fetch stock balance","service":"deelad-place-api","tenantId":19,"timestamp":"2026-01-20 08:29:34"}
{"error":"Connection terminated unexpectedly","level":"error","message":"getSalesSummary error","service":"deelad-place-api","tenantId":19,"timestamp":"2026-01-20 08:30:09"}
{"error":"Client network socket disconnected before secure TLS connection was established","level":"error","message":"Get vendors error","service":"deelad-place-api","tenantId":19,"timestamp":"2026-01-20 08:30:10"}
{"error":"Client network socket disconnected before secure TLS connection was established","level":"error","message":"getTopProducts error","service":"deelad-place-api","tenantId":19,"timestamp":"2026-01-20 08:30:10"}
{"error":"Client network socket disconnected before secure TLS connection was established","level":"error","message":"Get all users error","service":"deelad-place-api","tenantId":19,"timestamp":"2026-01-20 08:30:13"}
{"error":"Connection terminated unexpectedly","level":"error","message":"Failed to fetch stock balance","service":"deelad-place-api","tenantId":19,"timestamp":"2026-01-20 08:30:18"}
{"error":"Client network socket disconnected before secure TLS connection was established","level":"error","message":"getSalesOverview error","service":"deelad-place-api","tenantId":19,"timestamp":"2026-01-20 08:30:27"}
{"error":"vendorId is not defined","level":"error","message":"Failed to fetch product SIC report","service":"deelad-place-api","tenantId":19,"timestamp":"2026-01-20 08:34:27"}
{"error":"vendorId is not defined","level":"error","message":"Failed to fetch product SIC report","service":"deelad-place-api","tenantId":19,"timestamp":"2026-01-20 08:34:27"}
{"error":"read ECONNRESET","level":"error","message":"Failed to fetch stock balance","service":"deelad-place-api","tenantId":19,"timestamp":"2026-01-20 08:39:56"}
{"error":"","level":"error","message":"Failed to fetch stock balance","service":"deelad-place-api","tenantId":19,"timestamp":"2026-01-20 08:40:03"}
{"error":"Connection terminated unexpectedly","level":"error","message":"Failed to fetch stock balance","service":"deelad-place-api","tenantId":19,"timestamp":"2026-01-20 08:40:22"}
{"error":"Connection terminated unexpectedly","level":"error","message":"Failed to fetch stock balance","service":"deelad-place-api","tenantId":19,"timestamp":"2026-01-20 08:40:22"}
{"error":"Connection terminated unexpectedly","level":"error","message":"Failed to fetch stock balance","service":"deelad-place-api","tenantId":19,"timestamp":"2026-01-20 08:40:33"}
{"error":"","level":"error","message":"Failed to fetch stock balance","service":"deelad-place-api","tenantId":19,"timestamp":"2026-01-20 08:46:14"}
{"error":"","level":"error","message":"Failed to fetch stock balance","service":"deelad-place-api","tenantId":19,"timestamp":"2026-01-20 08:46:35"}
{"error":"","level":"error","message":"Failed to fetch stock balance","service":"deelad-place-api","tenantId":19,"timestamp":"2026-01-20 08:46:35"}
{"error":"","level":"error","message":"Failed to fetch stock balance","service":"deelad-place-api","tenantId":19,"timestamp":"2026-01-20 08:47:14"}
{"error":"getaddrinfo ENOTFOUND ep-dawn-art-ad851kgt-pooler.c-2.us-east-1.aws.neon.tech","level":"error","message":"Failed to fetch stock balance","service":"deelad-place-api","tenantId":19,"timestamp":"2026-01-20 08:47:15"}
{"error":"getaddrinfo ENOTFOUND ep-dawn-art-ad851kgt-pooler.c-2.us-east-1.aws.neon.tech","level":"error","message":"Failed to fetch stock balance","service":"deelad-place-api","tenantId":19,"timestamp":"2026-01-20 08:47:25"}
{"error":"getaddrinfo ENOTFOUND ep-dawn-art-ad851kgt-pooler.c-2.us-east-1.aws.neon.tech","level":"error","message":"Failed to fetch stock balance","service":"deelad-place-api","tenantId":19,"timestamp":"2026-01-20 08:47:25"}
{"error":"getaddrinfo ENOTFOUND ep-dawn-art-ad851kgt-pooler.c-2.us-east-1.aws.neon.tech","level":"error","message":"Failed to fetch stock balance","service":"deelad-place-api","tenantId":19,"timestamp":"2026-01-20 08:47:37"}
{"error":"getaddrinfo ENOTFOUND ep-dawn-art-ad851kgt-pooler.c-2.us-east-1.aws.neon.tech","level":"error","message":"Failed to fetch stock balance","service":"deelad-place-api","tenantId":19,"timestamp":"2026-01-20 08:47:37"}
{"error":"getaddrinfo ENOTFOUND ep-dawn-art-ad851kgt-pooler.c-2.us-east-1.aws.neon.tech","level":"error","message":"Failed to fetch stock balance","service":"deelad-place-api","tenantId":19,"timestamp":"2026-01-20 08:47:49"}
{"error":"getaddrinfo ENOTFOUND ep-dawn-art-ad851kgt-pooler.c-2.us-east-1.aws.neon.tech","level":"error","message":"Failed to fetch stock balance","service":"deelad-place-api","tenantId":19,"timestamp":"2026-01-20 08:47:49"}
{"error":"Connection terminated unexpectedly","level":"error","message":"Failed to fetch stock balance","service":"deelad-place-api","tenantId":19,"timestamp":"2026-01-20 08:48:48"}
{"error":"getaddrinfo ENOTFOUND ep-dawn-art-ad851kgt-pooler.c-2.us-east-1.aws.neon.tech","level":"error","message":"Failed to fetch stock balance","service":"deelad-place-api","tenantId":19,"timestamp":"2026-01-20 08:48:57"}
{"error":"getaddrinfo ENOTFOUND ep-dawn-art-ad851kgt-pooler.c-2.us-east-1.aws.neon.tech","level":"error","message":"Failed to fetch stock balance","service":"deelad-place-api","tenantId":19,"timestamp":"2026-01-20 08:48:57"}
{"error":"","level":"error","message":"Failed to fetch stock balance","service":"deelad-place-api","tenantId":19,"timestamp":"2026-01-20 08:49:21"}
{"error":"Connection terminated unexpectedly","level":"error","message":"Failed to fetch stock balance","service":"deelad-place-api","tenantId":19,"timestamp":"2026-01-20 08:50:15"}
{"error":"read ECONNRESET","level":"error","message":"Failed to fetch stock balance","service":"deelad-place-api","tenantId":19,"timestamp":"2026-01-20 08:52:24"}
{"error":"","level":"error","message":"Failed to fetch stock balance","service":"deelad-place-api","tenantId":19,"timestamp":"2026-01-20 08:52:57"}
{"error":"","level":"error","message":"Failed to fetch stock balance","service":"deelad-place-api","tenantId":19,"timestamp":"2026-01-20 08:53:00"}
{"error":"getaddrinfo ENOTFOUND ep-dawn-art-ad851kgt-pooler.c-2.us-east-1.aws.neon.tech","level":"error","message":"Failed to fetch stock balance","service":"deelad-place-api","tenantId":19,"timestamp":"2026-01-20 08:55:50"}
{"error":"getaddrinfo ENOTFOUND ep-dawn-art-ad851kgt-pooler.c-2.us-east-1.aws.neon.tech","level":"error","message":"Failed to fetch stock balance","service":"deelad-place-api","tenantId":19,"timestamp":"2026-01-20 08:57:55"}
{"error":"getaddrinfo ENOTFOUND ep-dawn-art-ad851kgt-pooler.c-2.us-east-1.aws.neon.tech","level":"error","message":"Failed to fetch stock balance","service":"deelad-place-api","tenantId":19,"timestamp":"2026-01-20 08:57:55"}
{"error":"getaddrinfo ENOTFOUND ep-dawn-art-ad851kgt-pooler.c-2.us-east-1.aws.neon.tech","level":"error","message":"Failed to fetch stock balance","service":"deelad-place-api","tenantId":19,"timestamp":"2026-01-20 08:58:07"}
{"error":"read ECONNRESET","level":"error","message":"Failed to fetch stock balance","service":"deelad-place-api","tenantId":19,"timestamp":"2026-01-20 09:40:25"}
{"error":"","level":"error","message":"Failed to fetch stock balance","service":"deelad-place-api","tenantId":19,"timestamp":"2026-01-20 09:48:07"}
{"error":"getaddrinfo ENOTFOUND ep-dawn-art-ad851kgt-pooler.c-2.us-east-1.aws.neon.tech","level":"error","message":"Failed to fetch stock balance","service":"deelad-place-api","tenantId":19,"timestamp":"2026-01-20 09:48:46"}
{"error":"Connection terminated unexpectedly","level":"error","message":"Failed to fetch stock balance","service":"deelad-place-api","tenantId":19,"timestamp":"2026-01-20 09:48:53"}
{"error":"getaddrinfo ENOTFOUND ep-dawn-art-ad851kgt-pooler.c-2.us-east-1.aws.neon.tech","level":"error","message":"Failed to fetch stock balance","service":"deelad-place-api","tenantId":19,"timestamp":"2026-01-20 09:52:01"}
{"error":"getaddrinfo ENOTFOUND ep-dawn-art-ad851kgt-pooler.c-2.us-east-1.aws.neon.tech","level":"error","message":"Failed to fetch stock balance","service":"deelad-place-api","tenantId":19,"timestamp":"2026-01-20 09:52:01"}
{"error":"getaddrinfo ENOTFOUND ep-dawn-art-ad851kgt-pooler.c-2.us-east-1.aws.neon.tech","level":"error","message":"Failed to fetch stock balance","service":"deelad-place-api","tenantId":19,"timestamp":"2026-01-20 09:52:01"}
{"error":"getaddrinfo ENOTFOUND ep-dawn-art-ad851kgt-pooler.c-2.us-east-1.aws.neon.tech","level":"error","message":"Failed to fetch stock balance","service":"deelad-place-api","tenantId":19,"timestamp":"2026-01-20 10:02:48"}
{"error":"getaddrinfo ENOTFOUND ep-dawn-art-ad851kgt-pooler.c-2.us-east-1.aws.neon.tech","level":"error","message":"Get vendors error","service":"deelad-place-api","tenantId":19,"timestamp":"2026-01-20 10:02:48"}
{"error":"getaddrinfo ENOTFOUND ep-dawn-art-ad851kgt-pooler.c-2.us-east-1.aws.neon.tech","level":"error","message":"Get all users error","service":"deelad-place-api","tenantId":19,"timestamp":"2026-01-20 10:02:48"}
